os_malloc (['131040'])                                                                    = HeapStart + 0x18
  brk (['0'])                                                                             = HeapStart + 0x0
  brk (['HeapStart + 0x20000'])                                                           = HeapStart + 0x20000
os_realloc (['0', '1000'])                                                                = HeapStart + 0x20018
  brk (['HeapStart + 0x20400'])                                                           = HeapStart + 0x20400
os_realloc (['0', '2000'])                                                                = HeapStart + 0x20418
  brk (['HeapStart + 0x20be8'])                                                           = HeapStart + 0x20be8
os_realloc (['0', '60000'])                                                               = HeapStart + 0x20c00
  brk (['HeapStart + 0x2f660'])                                                           = HeapStart + 0x2f660
os_free (['HeapStart + 0x20c00'])                                                         = <void>
os_realloc (['0', '30000'])                                                               = HeapStart + 0x20c00
os_realloc (['0', '15000'])                                                               = HeapStart + 0x28148
os_realloc (['0', '7500'])                                                                = HeapStart + 0x2bbf8
os_realloc (['0', '3750'])                                                                = HeapStart + 0x2d960
os_realloc (['0', '1875'])                                                                = HeapStart + 0x2e820
os_realloc (['0', '937'])                                                                 = HeapStart + 0x2ef90
os_realloc (['0', '468'])                                                                 = HeapStart + 0x2f358
os_realloc (['0', '234'])                                                                 = HeapStart + 0x2f548
os_realloc (['HeapStart + 0x20c00', '0'])                                                 = 0
os_realloc (['HeapStart + 0x28148', '15030'])                                             = HeapStart + 0x20c00
os_realloc (['HeapStart + 0x2bbf8', '7530'])                                              = HeapStart + 0x246d0
os_realloc (['HeapStart + 0x2d960', '3780'])                                              = HeapStart + 0x26458
os_realloc (['HeapStart + 0x2e820', '1905'])                                              = HeapStart + 0x27338
os_realloc (['HeapStart + 0x2ef90', '967'])                                               = HeapStart + 0x27ac8
os_realloc (['HeapStart + 0x2f358', '498'])                                               = HeapStart + 0x27ea8
os_realloc (['HeapStart + 0x2f548', '264'])                                               = HeapStart + 0x2f548
os_realloc (['0', '0'])                                                                   = 0
os_realloc (['HeapStart + 0x246d0', '15030'])                                             = HeapStart + 0x280b8
os_realloc (['HeapStart + 0x26458', '7530'])                                              = HeapStart + 0x246d0
os_realloc (['HeapStart + 0x27338', '3780'])                                              = HeapStart + 0x26458
os_realloc (['HeapStart + 0x27ac8', '1905'])                                              = HeapStart + 0x27338
os_realloc (['HeapStart + 0x27ea8', '967'])                                               = HeapStart + 0x27ac8
os_free (['HeapStart + 0x18'])                                                            = <void>
os_free (['HeapStart + 0x20018'])                                                         = <void>
os_free (['HeapStart + 0x20418'])                                                         = <void>
os_free (['0'])                                                                           = <void>
os_free (['HeapStart + 0x20c00'])                                                         = <void>
os_free (['HeapStart + 0x280b8'])                                                         = <void>
os_free (['HeapStart + 0x246d0'])                                                         = <void>
os_free (['HeapStart + 0x26458'])                                                         = <void>
os_free (['HeapStart + 0x27338'])                                                         = <void>
os_free (['HeapStart + 0x27ac8'])                                                         = <void>
os_free (['HeapStart + 0x2f548'])                                                         = <void>
+++ exited (status 0) +++
