os_malloc (['131032'])                                                                    = HeapStart + 0x20
  brk (['0'])                                                                             = HeapStart + 0x0
  brk (['HeapStart + 0x20000'])                                                           = HeapStart + 0x20000
os_calloc (['1', '1000'])                                                                 = HeapStart + 0x20020
  brk (['HeapStart + 0x20408'])                                                           = HeapStart + 0x20408
os_calloc (['1', '1000'])                                                                 = HeapStart + 0x20428
  brk (['HeapStart + 0x20810'])                                                           = HeapStart + 0x20810
os_calloc (['1', '1000'])                                                                 = HeapStart + 0x20830
  brk (['HeapStart + 0x20c18'])                                                           = HeapStart + 0x20c18
os_free (['HeapStart + 0x20'])                                                            = <void>
os_calloc (['1', '4023'])                                                                 = HeapStart + 0x20
os_calloc (['1', '2173'])                                                                 = HeapStart + 0xff8
os_calloc (['1', '1077'])                                                                 = HeapStart + 0x1898
os_calloc (['1', '653'])                                                                  = HeapStart + 0x1cf0
os_calloc (['1', '438'])                                                                  = HeapStart + 0x1fa0
os_calloc (['1', '342'])                                                                  = HeapStart + 0x2178
os_calloc (['1', '160'])                                                                  = HeapStart + 0x22f0
os_calloc (['1', '82'])                                                                   = HeapStart + 0x23b0
os_calloc (['1', '44'])                                                                   = HeapStart + 0x2428
os_calloc (['1', '25'])                                                                   = HeapStart + 0x2478
os_calloc (['1', '10'])                                                                   = HeapStart + 0x24b8
os_free (['HeapStart + 0x20020'])                                                         = <void>
os_free (['HeapStart + 0x20428'])                                                         = <void>
os_free (['HeapStart + 0x20830'])                                                         = <void>
os_free (['HeapStart + 0x20'])                                                            = <void>
os_free (['HeapStart + 0xff8'])                                                           = <void>
os_free (['HeapStart + 0x1898'])                                                          = <void>
os_free (['HeapStart + 0x1cf0'])                                                          = <void>
os_free (['HeapStart + 0x1fa0'])                                                          = <void>
os_free (['HeapStart + 0x2178'])                                                          = <void>
os_free (['HeapStart + 0x22f0'])                                                          = <void>
os_free (['HeapStart + 0x23b0'])                                                          = <void>
os_free (['HeapStart + 0x2428'])                                                          = <void>
os_free (['HeapStart + 0x2478'])                                                          = <void>
os_free (['HeapStart + 0x24b8'])                                                          = <void>
+++ exited (status 0) +++
