os_malloc (['131040'])                                                                    = HeapStart + 0x18
  brk (['0'])                                                                             = HeapStart + 0x0
  brk (['HeapStart + 0x20000'])                                                           = HeapStart + 0x20000
os_malloc (['7120'])                                                                      = HeapStart + 0x20018
  brk (['HeapStart + 0x21be8'])                                                           = HeapStart + 0x21be8
os_malloc (['1'])                                                                         = HeapStart + 0x21c00
  brk (['HeapStart + 0x21c08'])                                                           = HeapStart + 0x21c08
os_realloc (['HeapStart + 0x20018', '7120'])                                              = HeapStart + 0x20018
os_realloc (['HeapStart + 0x21c00', '0'])                                                 = 0
os_realloc (['0', '1'])                                                                   = HeapStart + 0x21c00
os_realloc (['HeapStart + 0x20018', '7119'])                                              = HeapStart + 0x20018
os_realloc (['HeapStart + 0x21c00', '0'])                                                 = 0
os_realloc (['0', '1'])                                                                   = HeapStart + 0x21c00
os_realloc (['HeapStart + 0x20018', '7118'])                                              = HeapStart + 0x20018
os_realloc (['HeapStart + 0x21c00', '0'])                                                 = 0
os_realloc (['0', '1'])                                                                   = HeapStart + 0x21c00
os_realloc (['HeapStart + 0x20018', '7117'])                                              = HeapStart + 0x20018
os_realloc (['HeapStart + 0x21c00', '0'])                                                 = 0
os_realloc (['0', '1'])                                                                   = HeapStart + 0x21c00
os_realloc (['HeapStart + 0x20018', '7116'])                                              = HeapStart + 0x20018
os_realloc (['HeapStart + 0x21c00', '0'])                                                 = 0
os_realloc (['0', '1'])                                                                   = HeapStart + 0x21c00
os_realloc (['HeapStart + 0x20018', '7115'])                                              = HeapStart + 0x20018
os_realloc (['HeapStart + 0x21c00', '0'])                                                 = 0
os_realloc (['0', '1'])                                                                   = HeapStart + 0x21c00
os_realloc (['HeapStart + 0x20018', '7114'])                                              = HeapStart + 0x20018
os_realloc (['HeapStart + 0x21c00', '0'])                                                 = 0
os_realloc (['0', '1'])                                                                   = HeapStart + 0x21c00
os_realloc (['HeapStart + 0x20018', '7113'])                                              = HeapStart + 0x20018
os_realloc (['HeapStart + 0x21c00', '0'])                                                 = 0
os_realloc (['0', '1'])                                                                   = HeapStart + 0x21c00
os_realloc (['HeapStart + 0x20018', '7112'])                                              = HeapStart + 0x20018
os_realloc (['HeapStart + 0x21c00', '0'])                                                 = 0
os_realloc (['0', '1'])                                                                   = HeapStart + 0x21c00
os_realloc (['HeapStart + 0x20018', '7111'])                                              = HeapStart + 0x20018
os_realloc (['HeapStart + 0x21c00', '0'])                                                 = 0
os_realloc (['0', '1'])                                                                   = HeapStart + 0x21c00
os_realloc (['HeapStart + 0x20018', '7110'])                                              = HeapStart + 0x20018
os_realloc (['HeapStart + 0x21c00', '0'])                                                 = 0
os_realloc (['0', '1'])                                                                   = HeapStart + 0x21c00
os_realloc (['HeapStart + 0x20018', '7109'])                                              = HeapStart + 0x20018
os_realloc (['HeapStart + 0x21c00', '0'])                                                 = 0
os_realloc (['0', '1'])                                                                   = HeapStart + 0x21c00
os_realloc (['HeapStart + 0x20018', '7108'])                                              = HeapStart + 0x20018
os_realloc (['HeapStart + 0x21c00', '0'])                                                 = 0
os_realloc (['0', '1'])                                                                   = HeapStart + 0x21c00
os_realloc (['HeapStart + 0x20018', '7107'])                                              = HeapStart + 0x20018
os_realloc (['HeapStart + 0x21c00', '0'])                                                 = 0
os_realloc (['0', '1'])                                                                   = HeapStart + 0x21c00
os_realloc (['HeapStart + 0x20018', '7106'])                                              = HeapStart + 0x20018
os_realloc (['HeapStart + 0x21c00', '0'])                                                 = 0
os_realloc (['0', '1'])                                                                   = HeapStart + 0x21c00
os_realloc (['HeapStart + 0x20018', '7105'])                                              = HeapStart + 0x20018
os_realloc (['HeapStart + 0x21c00', '0'])                                                 = 0
os_realloc (['0', '1'])                                                                   = HeapStart + 0x21c00
os_realloc (['HeapStart + 0x20018', '7104'])                                              = HeapStart + 0x20018
os_realloc (['HeapStart + 0x21c00', '0'])                                                 = 0
os_realloc (['0', '1'])                                                                   = HeapStart + 0x21c00
os_realloc (['HeapStart + 0x20018', '7103'])                                              = HeapStart + 0x20018
os_realloc (['HeapStart + 0x21c00', '0'])                                                 = 0
os_realloc (['0', '1'])                                                                   = HeapStart + 0x21c00
os_realloc (['HeapStart + 0x20018', '7102'])                                              = HeapStart + 0x20018
os_realloc (['HeapStart + 0x21c00', '0'])                                                 = 0
os_realloc (['0', '1'])                                                                   = HeapStart + 0x21c00
os_realloc (['HeapStart + 0x20018', '7101'])                                              = HeapStart + 0x20018
os_realloc (['HeapStart + 0x21c00', '0'])                                                 = 0
os_realloc (['0', '1'])                                                                   = HeapStart + 0x21c00
os_realloc (['HeapStart + 0x20018', '7100'])                                              = HeapStart + 0x20018
os_realloc (['HeapStart + 0x21c00', '0'])                                                 = 0
os_realloc (['0', '1'])                                                                   = HeapStart + 0x21c00
os_realloc (['HeapStart + 0x20018', '7099'])                                              = HeapStart + 0x20018
os_realloc (['HeapStart + 0x21c00', '0'])                                                 = 0
os_realloc (['0', '1'])                                                                   = HeapStart + 0x21c00
os_realloc (['HeapStart + 0x20018', '7098'])                                              = HeapStart + 0x20018
os_realloc (['HeapStart + 0x21c00', '0'])                                                 = 0
os_realloc (['0', '1'])                                                                   = HeapStart + 0x21c00
os_realloc (['HeapStart + 0x20018', '7097'])                                              = HeapStart + 0x20018
os_realloc (['HeapStart + 0x21c00', '0'])                                                 = 0
os_realloc (['0', '1'])                                                                   = HeapStart + 0x21c00
os_realloc (['HeapStart + 0x20018', '7096'])                                              = HeapStart + 0x20018
os_realloc (['HeapStart + 0x21c00', '0'])                                                 = 0
os_realloc (['0', '1'])                                                                   = HeapStart + 0x21c00
os_realloc (['HeapStart + 0x20018', '7095'])                                              = HeapStart + 0x20018
os_realloc (['HeapStart + 0x21c00', '0'])                                                 = 0
os_realloc (['0', '1'])                                                                   = HeapStart + 0x21c00
os_realloc (['HeapStart + 0x20018', '7094'])                                              = HeapStart + 0x20018
os_realloc (['HeapStart + 0x21c00', '0'])                                                 = 0
os_realloc (['0', '1'])                                                                   = HeapStart + 0x21c00
os_realloc (['HeapStart + 0x20018', '7093'])                                              = HeapStart + 0x20018
os_realloc (['HeapStart + 0x21c00', '0'])                                                 = 0
os_realloc (['0', '1'])                                                                   = HeapStart + 0x21c00
os_realloc (['HeapStart + 0x20018', '7092'])                                              = HeapStart + 0x20018
os_realloc (['HeapStart + 0x21c00', '0'])                                                 = 0
os_realloc (['0', '1'])                                                                   = HeapStart + 0x21c00
os_realloc (['HeapStart + 0x20018', '7091'])                                              = HeapStart + 0x20018
os_realloc (['HeapStart + 0x21c00', '0'])                                                 = 0
os_realloc (['0', '1'])                                                                   = HeapStart + 0x21c00
os_realloc (['HeapStart + 0x20018', '7090'])                                              = HeapStart + 0x20018
os_realloc (['HeapStart + 0x21c00', '0'])                                                 = 0
os_realloc (['0', '1'])                                                                   = HeapStart + 0x21c00
os_realloc (['HeapStart + 0x20018', '7089'])                                              = HeapStart + 0x20018
os_realloc (['HeapStart + 0x21c00', '0'])                                                 = 0
os_realloc (['0', '1'])                                                                   = HeapStart + 0x21c00
os_realloc (['HeapStart + 0x20018', '7088'])                                              = HeapStart + 0x20018
os_realloc (['HeapStart + 0x21c00', '0'])                                                 = 0
os_realloc (['0', '1'])                                                                   = HeapStart + 0x21be0
os_realloc (['HeapStart + 0x20018', '0'])                                                 = 0
os_realloc (['HeapStart + 0x21be0', '0'])                                                 = 0
os_realloc (['HeapStart + 0x18', '0'])                                                    = 0
+++ exited (status 0) +++
