os_malloc (['131040'])                                                                    = HeapStart + 0x18
  brk (['0'])                                                                             = HeapStart + 0x0
  brk (['HeapStart + 0x20000'])                                                           = HeapStart + 0x20000
os_calloc (['1', '10'])                                                                   = HeapStart + 0x20018
  brk (['HeapStart + 0x20028'])                                                           = HeapStart + 0x20028
os_calloc (['1', '25'])                                                                   = HeapStart + 0x20040
  brk (['HeapStart + 0x20060'])                                                           = HeapStart + 0x20060
os_calloc (['1', '40'])                                                                   = HeapStart + 0x20078
  brk (['HeapStart + 0x200a0'])                                                           = HeapStart + 0x200a0
os_calloc (['1', '80'])                                                                   = HeapStart + 0x200b8
  brk (['HeapStart + 0x20108'])                                                           = HeapStart + 0x20108
os_calloc (['1', '160'])                                                                  = HeapStart + 0x20120
  brk (['HeapStart + 0x201c0'])                                                           = HeapStart + 0x201c0
os_calloc (['1', '350'])                                                                  = HeapStart + 0x201d8
  brk (['HeapStart + 0x20338'])                                                           = HeapStart + 0x20338
os_calloc (['1', '421'])                                                                  = HeapStart + 0x20350
  brk (['HeapStart + 0x204f8'])                                                           = HeapStart + 0x204f8
os_calloc (['1', '633'])                                                                  = HeapStart + 0x20510
  brk (['HeapStart + 0x20790'])                                                           = HeapStart + 0x20790
os_calloc (['1', '1000'])                                                                 = HeapStart + 0x207a8
  brk (['HeapStart + 0x20b90'])                                                           = HeapStart + 0x20b90
os_calloc (['1', '2024'])                                                                 = HeapStart + 0x20ba8
  brk (['HeapStart + 0x21390'])                                                           = HeapStart + 0x21390
os_calloc (['1', '4000'])                                                                 = HeapStart + 0x213a8
  brk (['HeapStart + 0x22348'])                                                           = HeapStart + 0x22348
os_free (['HeapStart + 0x20018'])                                                         = <void>
os_calloc (['1', '10'])                                                                   = HeapStart + 0x20018
os_free (['HeapStart + 0x20040'])                                                         = <void>
os_calloc (['1', '25'])                                                                   = HeapStart + 0x20040
os_free (['HeapStart + 0x20078'])                                                         = <void>
os_calloc (['1', '40'])                                                                   = HeapStart + 0x20078
os_free (['HeapStart + 0x200b8'])                                                         = <void>
os_calloc (['1', '80'])                                                                   = HeapStart + 0x200b8
os_free (['HeapStart + 0x20120'])                                                         = <void>
os_calloc (['1', '160'])                                                                  = HeapStart + 0x20120
os_free (['HeapStart + 0x201d8'])                                                         = <void>
os_calloc (['1', '350'])                                                                  = HeapStart + 0x201d8
os_free (['HeapStart + 0x20350'])                                                         = <void>
os_calloc (['1', '421'])                                                                  = HeapStart + 0x20350
os_free (['HeapStart + 0x20510'])                                                         = <void>
os_calloc (['1', '633'])                                                                  = HeapStart + 0x20510
os_free (['HeapStart + 0x207a8'])                                                         = <void>
os_calloc (['1', '1000'])                                                                 = HeapStart + 0x207a8
os_free (['HeapStart + 0x20ba8'])                                                         = <void>
os_calloc (['1', '2024'])                                                                 = HeapStart + 0x20ba8
os_free (['HeapStart + 0x213a8'])                                                         = <void>
os_calloc (['1', '4000'])                                                                 = HeapStart + 0x213a8
os_free (['HeapStart + 0x213a8'])                                                         = <void>
os_calloc (['1', '3970'])                                                                 = HeapStart + 0x213a8
os_free (['HeapStart + 0x20ba8'])                                                         = <void>
os_calloc (['1', '1994'])                                                                 = HeapStart + 0x20ba8
os_free (['HeapStart + 0x207a8'])                                                         = <void>
os_calloc (['1', '970'])                                                                  = HeapStart + 0x207a8
os_free (['HeapStart + 0x20510'])                                                         = <void>
os_calloc (['1', '603'])                                                                  = HeapStart + 0x20510
os_free (['HeapStart + 0x20350'])                                                         = <void>
os_calloc (['1', '391'])                                                                  = HeapStart + 0x20350
os_free (['HeapStart + 0x201d8'])                                                         = <void>
os_calloc (['1', '320'])                                                                  = HeapStart + 0x201d8
os_free (['HeapStart + 0x20120'])                                                         = <void>
os_calloc (['1', '130'])                                                                  = HeapStart + 0x20120
os_free (['HeapStart + 0x200b8'])                                                         = <void>
os_calloc (['1', '50'])                                                                   = HeapStart + 0x200b8
os_free (['HeapStart + 0x20078'])                                                         = <void>
os_calloc (['1', '10'])                                                                   = HeapStart + 0x20078
os_free (['HeapStart + 0x20018'])                                                         = <void>
os_calloc (['1', '4000'])                                                                 = HeapStart + 0x22360
  brk (['HeapStart + 0x23300'])                                                           = HeapStart + 0x23300
os_free (['HeapStart + 0x22360'])                                                         = <void>
os_free (['HeapStart + 0x20040'])                                                         = <void>
os_free (['HeapStart + 0x20078'])                                                         = <void>
os_free (['HeapStart + 0x200b8'])                                                         = <void>
os_free (['HeapStart + 0x20120'])                                                         = <void>
os_free (['HeapStart + 0x201d8'])                                                         = <void>
os_free (['HeapStart + 0x20350'])                                                         = <void>
os_free (['HeapStart + 0x20510'])                                                         = <void>
os_free (['HeapStart + 0x207a8'])                                                         = <void>
os_free (['HeapStart + 0x20ba8'])                                                         = <void>
os_free (['HeapStart + 0x213a8'])                                                         = <void>
os_free (['HeapStart + 0x18'])                                                            = <void>
+++ exited (status 0) +++
