os_malloc (['0'])                                                                         = 0
os_free (['0'])                                                                           = <void>
os_malloc (['1000'])                                                                      = HeapStart + 0x20
  brk (['0'])                                                                             = HeapStart + 0x0
  brk (['HeapStart + 0x20000'])                                                           = HeapStart + 0x20000
os_realloc (['HeapStart + 0x20', '2000'])                                                 = HeapStart + 0x20
os_free (['HeapStart + 0x20'])                                                            = <void>
os_calloc (['0', '100'])                                                                  = 0
os_free (['0'])                                                                           = <void>
os_calloc (['10', '100'])                                                                 = HeapStart + 0x20
os_free (['HeapStart + 0x20'])                                                            = <void>
os_calloc (['10', '100'])                                                                 = HeapStart + 0x20
os_realloc (['HeapStart + 0x20', '132072'])                                               = <mapped-addr1> + 0x20
  mmap (['0', '132104', 'PROT_READ | PROT_WRITE', 'MAP_PRIVATE | MAP_ANON', '-1', '0'])   = <mapped-addr1>
os_free (['<mapped-addr1> + 0x20'])                                                       = <void>
  munmap (['<mapped-addr1>', '132104'])                                                   = 0
os_calloc (['1', '5000'])                                                                 = <mapped-addr2> + 0x20
  mmap (['0', '5032', 'PROT_READ | PROT_WRITE', 'MAP_PRIVATE | MAP_ANON', '-1', '0'])     = <mapped-addr2>
os_realloc (['<mapped-addr2> + 0x20', '2000'])                                            = HeapStart + 0x20
  munmap (['<mapped-addr2>', '5032'])                                                     = 0
os_realloc (['HeapStart + 0x20', '5000'])                                                 = HeapStart + 0x20
os_free (['HeapStart + 0x20'])                                                            = <void>
os_calloc (['1', '10'])                                                                   = HeapStart + 0x20
os_malloc (['4023'])                                                                      = HeapStart + 0x50
os_calloc (['1934', '1'])                                                                 = HeapStart + 0x1028
os_calloc (['1', '25'])                                                                   = HeapStart + 0x17d8
os_malloc (['2173'])                                                                      = HeapStart + 0x1818
os_calloc (['3654', '1'])                                                                 = HeapStart + 0x20b8
os_calloc (['1', '40'])                                                                   = HeapStart + 0x2f20
os_malloc (['1077'])                                                                      = HeapStart + 0x2f68
os_calloc (['23', '1'])                                                                   = HeapStart + 0x33c0
os_calloc (['1', '80'])                                                                   = HeapStart + 0x33f8
os_malloc (['653'])                                                                       = HeapStart + 0x3468
os_calloc (['432', '1'])                                                                  = HeapStart + 0x3718
os_calloc (['1', '160'])                                                                  = HeapStart + 0x38e8
os_malloc (['438'])                                                                       = HeapStart + 0x39a8
os_calloc (['824', '1'])                                                                  = HeapStart + 0x3b80
os_calloc (['1', '350'])                                                                  = HeapStart + 0x3ed8
os_malloc (['342'])                                                                       = HeapStart + 0x4058
os_calloc (['12', '1'])                                                                   = HeapStart + 0x41d0
os_calloc (['1', '421'])                                                                  = HeapStart + 0x4200
os_malloc (['160'])                                                                       = HeapStart + 0x43c8
os_calloc (['2631', '1'])                                                                 = HeapStart + 0x4488
os_calloc (['1', '633'])                                                                  = HeapStart + 0x4ef0
os_malloc (['82'])                                                                        = HeapStart + 0x5190
os_calloc (['827', '1'])                                                                  = HeapStart + 0x5208
os_calloc (['1', '1000'])                                                                 = HeapStart + 0x5568
os_malloc (['44'])                                                                        = HeapStart + 0x5970
os_calloc (['375', '1'])                                                                  = HeapStart + 0x59c0
os_calloc (['1', '2024'])                                                                 = HeapStart + 0x5b58
os_malloc (['25'])                                                                        = HeapStart + 0x6360
os_calloc (['30', '1'])                                                                   = HeapStart + 0x63a0
os_calloc (['1', '4000'])                                                                 = HeapStart + 0x63e0
os_malloc (['10'])                                                                        = HeapStart + 0x73a0
os_calloc (['26', '1'])                                                                   = HeapStart + 0x73d0
os_free (['HeapStart + 0x20'])                                                            = <void>
os_free (['HeapStart + 0x1028'])                                                          = <void>
os_free (['HeapStart + 0x17d8'])                                                          = <void>
os_free (['HeapStart + 0x1818'])                                                          = <void>
os_free (['HeapStart + 0x2f68'])                                                          = <void>
os_free (['HeapStart + 0x3718'])                                                          = <void>
os_free (['HeapStart + 0x38e8'])                                                          = <void>
os_free (['HeapStart + 0x39a8'])                                                          = <void>
os_free (['HeapStart + 0x3b80'])                                                          = <void>
os_free (['HeapStart + 0x41d0'])                                                          = <void>
os_free (['HeapStart + 0x4200'])                                                          = <void>
os_free (['HeapStart + 0x4488'])                                                          = <void>
os_free (['HeapStart + 0x4ef0'])                                                          = <void>
os_free (['HeapStart + 0x5970'])                                                          = <void>
os_free (['HeapStart + 0x5b58'])                                                          = <void>
os_free (['HeapStart + 0x6360'])                                                          = <void>
os_free (['HeapStart + 0x63a0'])                                                          = <void>
os_free (['HeapStart + 0x63e0'])                                                          = <void>
os_free (['HeapStart + 0x73d0'])                                                          = <void>
os_malloc (['1934'])                                                                      = HeapStart + 0x3718
os_malloc (['10'])                                                                        = HeapStart + 0x20
os_calloc (['1', '4023'])                                                                 = HeapStart + 0x1028
os_malloc (['3654'])                                                                      = HeapStart + 0x5b58
os_malloc (['25'])                                                                        = HeapStart + 0x5970
os_calloc (['1', '2173'])                                                                 = HeapStart + 0x69c0
os_malloc (['23'])                                                                        = HeapStart + 0x2000
os_malloc (['40'])                                                                        = HeapStart + 0x2038
os_calloc (['1', '1077'])                                                                 = HeapStart + 0x2f68
os_malloc (['432'])                                                                       = HeapStart + 0x41d0
os_malloc (['80'])                                                                        = HeapStart + 0x7260
os_calloc (['1', '653'])                                                                  = HeapStart + 0x4488
os_malloc (['824'])                                                                       = HeapStart + 0x4738
os_malloc (['160'])                                                                       = HeapStart + 0x72d0
os_calloc (['1', '438'])                                                                  = HeapStart + 0x4a90
os_malloc (['12'])                                                                        = HeapStart + 0x2080
os_malloc (['350'])                                                                       = HeapStart + 0x4c68
os_calloc (['1', '342'])                                                                  = HeapStart + 0x4de8
os_malloc (['2631'])                                                                      = HeapStart + 0x73d0
os_malloc (['421'])                                                                       = HeapStart + 0x4f60
os_calloc (['1', '160'])                                                                  = HeapStart + 0x7e38
os_malloc (['827'])                                                                       = HeapStart + 0x7ef8
os_malloc (['633'])                                                                       = HeapStart + 0x8258
os_calloc (['1', '82'])                                                                   = HeapStart + 0x84f8
os_malloc (['375'])                                                                       = HeapStart + 0x8570
os_malloc (['1000'])                                                                      = HeapStart + 0x8708
os_calloc (['1', '44'])                                                                   = HeapStart + 0x5128
os_malloc (['30'])                                                                        = HeapStart + 0x8b10
os_malloc (['2024'])                                                                      = HeapStart + 0x8b50
os_calloc (['1', '25'])                                                                   = HeapStart + 0x9358
os_malloc (['26'])                                                                        = HeapStart + 0x9398
os_malloc (['4000'])                                                                      = HeapStart + 0x93d8
os_calloc (['1', '10'])                                                                   = HeapStart + 0xa398
os_realloc (['HeapStart + 0x3718', '32'])                                                 = HeapStart + 0x3718
os_realloc (['HeapStart + 0x4c68', '32'])                                                 = HeapStart + 0x4c68
os_realloc (['HeapStart + 0x20', '24'])                                                   = HeapStart + 0x4ca8
os_realloc (['HeapStart + 0x4de8', '24'])                                                 = HeapStart + 0x4de8
os_realloc (['HeapStart + 0x1028', '75'])                                                 = HeapStart + 0x1028
os_realloc (['HeapStart + 0x73d0', '75'])                                                 = HeapStart + 0x73d0
os_realloc (['HeapStart + 0x5b58', '1034'])                                               = HeapStart + 0x5b58
os_realloc (['HeapStart + 0x4f60', '1034'])                                               = HeapStart + 0x3758
os_realloc (['HeapStart + 0x5970', '284352'])                                             = <mapped-addr3> + 0x20
  mmap (['0', '284384', 'PROT_READ | PROT_WRITE', 'MAP_PRIVATE | MAP_ANON', '-1', '0'])   = <mapped-addr3>
os_realloc (['HeapStart + 0x7e38', '284352'])                                             = <mapped-addr4> + 0x20
  mmap (['0', '284384', 'PROT_READ | PROT_WRITE', 'MAP_PRIVATE | MAP_ANON', '-1', '0'])   = <mapped-addr4>
os_realloc (['HeapStart + 0x69c0', '277'])                                                = HeapStart + 0x69c0
os_realloc (['HeapStart + 0x7ef8', '277'])                                                = HeapStart + 0x7ef8
os_realloc (['HeapStart + 0x2000', '31'])                                                 = HeapStart + 0x5970
os_realloc (['HeapStart + 0x8258', '31'])                                                 = HeapStart + 0x8258
os_realloc (['HeapStart + 0x2038', '876'])                                                = HeapStart + 0x6af8
os_realloc (['HeapStart + 0x84f8', '876'])                                                = HeapStart + 0x6e88
os_realloc (['HeapStart + 0x2f68', '223455'])                                             = <mapped-addr5> + 0x20
  mmap (['0', '223488', 'PROT_READ | PROT_WRITE', 'MAP_PRIVATE | MAP_ANON', '-1', '0'])   = <mapped-addr5>
os_realloc (['HeapStart + 0x8570', '223455'])                                             = <mapped-addr6> + 0x20
  mmap (['0', '223488', 'PROT_READ | PROT_WRITE', 'MAP_PRIVATE | MAP_ANON', '-1', '0'])   = <mapped-addr6>
os_realloc (['HeapStart + 0x41d0', '12'])                                                 = HeapStart + 0x41d0
os_realloc (['HeapStart + 0x8708', '12'])                                                 = HeapStart + 0x8708
os_realloc (['HeapStart + 0x7260', '745'])                                                = HeapStart + 0x3b88
os_realloc (['HeapStart + 0x5128', '745'])                                                = HeapStart + 0x8738
os_realloc (['HeapStart + 0x4488', '248'])                                                = HeapStart + 0x4488
os_realloc (['HeapStart + 0x8b10', '248'])                                                = HeapStart + 0x45a0
os_realloc (['HeapStart + 0x4738', '1367'])                                               = HeapStart + 0x5f88
os_realloc (['HeapStart + 0x8b50', '1367'])                                               = HeapStart + 0x8b50
os_realloc (['HeapStart + 0x72d0', '3929995'])                                            = <mapped-addr7> + 0x20
  mmap (['0', '3930032', 'PROT_READ | PROT_WRITE', 'MAP_PRIVATE | MAP_ANON', '-1', '0'])  = <mapped-addr7>
os_realloc (['HeapStart + 0x9358', '3929995'])                                            = <mapped-addr8> + 0x20
  mmap (['0', '3930032', 'PROT_READ | PROT_WRITE', 'MAP_PRIVATE | MAP_ANON', '-1', '0'])  = <mapped-addr8>
os_realloc (['HeapStart + 0x4a90', '27322'])                                              = HeapStart + 0xa3c8
os_realloc (['HeapStart + 0x9398', '27322'])                                              = HeapStart + 0x10ea8
os_realloc (['HeapStart + 0x2080', '82'])                                                 = HeapStart + 0x4ce0
os_realloc (['HeapStart + 0x93d8', '82'])                                                 = HeapStart + 0x93d8
os_realloc (['HeapStart + 0x3718', '5120'])                                               = HeapStart + 0x17988
os_realloc (['<mapped-addr5> + 0x20', '5120'])                                            = HeapStart + 0x18da8
  munmap (['<mapped-addr5>', '223488'])                                                   = 0
os_realloc (['HeapStart + 0x7ef8', '5120'])                                               = HeapStart + 0x1a1c8
os_realloc (['HeapStart + 0x4ca8', '47249'])                                              = HeapStart + 0x1b5e8
  brk (['HeapStart + 0x26e80'])                                                           = HeapStart + 0x26e80
os_realloc (['HeapStart + 0x41d0', '47249'])                                              = HeapStart + 0x26ea0
  brk (['HeapStart + 0x32738'])                                                           = HeapStart + 0x32738
os_realloc (['HeapStart + 0x8258', '47249'])                                              = HeapStart + 0x32758
  brk (['HeapStart + 0x3dff0'])                                                           = HeapStart + 0x3dff0
os_realloc (['HeapStart + 0x1028', '103132'])                                             = HeapStart + 0x3e010
  brk (['HeapStart + 0x572f0'])                                                           = HeapStart + 0x572f0
os_realloc (['HeapStart + 0x3b88', '103132'])                                             = HeapStart + 0x57310
  brk (['HeapStart + 0x705f0'])                                                           = HeapStart + 0x705f0
os_realloc (['HeapStart + 0x6e88', '103132'])                                             = HeapStart + 0x70610
  brk (['HeapStart + 0x898f0'])                                                           = HeapStart + 0x898f0
os_realloc (['HeapStart + 0x5b58', '204800'])                                             = <mapped-addr9> + 0x20
  mmap (['0', '204832', 'PROT_READ | PROT_WRITE', 'MAP_PRIVATE | MAP_ANON', '-1', '0'])   = <mapped-addr9>
os_realloc (['HeapStart + 0x4488', '204800'])                                             = <mapped-addr10> + 0x20
  mmap (['0', '204832', 'PROT_READ | PROT_WRITE', 'MAP_PRIVATE | MAP_ANON', '-1', '0'])   = <mapped-addr10>
os_realloc (['<mapped-addr6> + 0x20', '204800'])                                          = <mapped-addr11> + 0x20
  mmap (['0', '204832', 'PROT_READ | PROT_WRITE', 'MAP_PRIVATE | MAP_ANON', '-1', '0'])   = <mapped-addr11>
  munmap (['<mapped-addr6>', '223488'])                                                   = 0
os_realloc (['<mapped-addr3> + 0x20', '541894'])                                          = <mapped-addr12> + 0x20
  mmap (['0', '541928', 'PROT_READ | PROT_WRITE', 'MAP_PRIVATE | MAP_ANON', '-1', '0'])   = <mapped-addr12>
  munmap (['<mapped-addr3>', '284384'])                                                   = 0
os_realloc (['HeapStart + 0x5f88', '541894'])                                             = <mapped-addr13> + 0x20
  mmap (['0', '541928', 'PROT_READ | PROT_WRITE', 'MAP_PRIVATE | MAP_ANON', '-1', '0'])   = <mapped-addr13>
os_realloc (['HeapStart + 0x8708', '541894'])                                             = <mapped-addr14> + 0x20
  mmap (['0', '541928', 'PROT_READ | PROT_WRITE', 'MAP_PRIVATE | MAP_ANON', '-1', '0'])   = <mapped-addr14>
os_realloc (['HeapStart + 0x69c0', '1027754'])                                            = <mapped-addr15> + 0x20
  mmap (['0', '1027792', 'PROT_READ | PROT_WRITE', 'MAP_PRIVATE | MAP_ANON', '-1', '0'])  = <mapped-addr15>
os_realloc (['<mapped-addr7> + 0x20', '1027754'])                                         = <mapped-addr16> + 0x20
  mmap (['0', '1027792', 'PROT_READ | PROT_WRITE', 'MAP_PRIVATE | MAP_ANON', '-1', '0'])  = <mapped-addr16>
  munmap (['<mapped-addr7>', '3930032'])                                                  = 0
os_realloc (['HeapStart + 0x8738', '1027754'])                                            = <mapped-addr17> + 0x20
  mmap (['0', '1027792', 'PROT_READ | PROT_WRITE', 'MAP_PRIVATE | MAP_ANON', '-1', '0'])  = <mapped-addr17>
os_malloc (['100'])                                                                       = HeapStart + 0x4d58
os_malloc (['100'])                                                                       = HeapStart + 0x4488
os_malloc (['100'])                                                                       = HeapStart + 0x4510
os_malloc (['100'])                                                                       = HeapStart + 0x41d0
os_malloc (['100'])                                                                       = HeapStart + 0x4258
os_malloc (['100'])                                                                       = HeapStart + 0x42e0
os_malloc (['100'])                                                                       = HeapStart + 0x90c8
os_malloc (['100'])                                                                       = HeapStart + 0x9150
os_malloc (['100'])                                                                       = HeapStart + 0x91d8
os_malloc (['100'])                                                                       = HeapStart + 0x9260
os_malloc (['100'])                                                                       = HeapStart + 0x92e8
os_malloc (['100'])                                                                       = HeapStart + 0x3b88
os_malloc (['100'])                                                                       = HeapStart + 0x3c10
os_malloc (['100'])                                                                       = HeapStart + 0x3c98
os_malloc (['100'])                                                                       = HeapStart + 0x3d20
os_malloc (['100'])                                                                       = HeapStart + 0x3da8
os_malloc (['100'])                                                                       = HeapStart + 0x3e30
os_malloc (['100'])                                                                       = HeapStart + 0x4e20
os_malloc (['100'])                                                                       = HeapStart + 0x4ea8
os_free (['HeapStart + 0x4d58'])                                                          = <void>
os_free (['HeapStart + 0x17988'])                                                         = <void>
os_free (['HeapStart + 0x50'])                                                            = <void>
os_free (['HeapStart + 0x1b5e8'])                                                         = <void>
os_free (['HeapStart + 0x4488'])                                                          = <void>
os_free (['HeapStart + 0x3e010'])                                                         = <void>
os_free (['HeapStart + 0x4510'])                                                          = <void>
os_free (['<mapped-addr9> + 0x20'])                                                       = <void>
  munmap (['<mapped-addr9>', '204832'])                                                   = 0
os_free (['HeapStart + 0x41d0'])                                                          = <void>
os_free (['<mapped-addr12> + 0x20'])                                                      = <void>
  munmap (['<mapped-addr12>', '541928'])                                                  = 0
os_free (['HeapStart + 0x20b8'])                                                          = <void>
os_free (['<mapped-addr15> + 0x20'])                                                      = <void>
  munmap (['<mapped-addr15>', '1027792'])                                                 = 0
os_free (['HeapStart + 0x2f20'])                                                          = <void>
os_free (['HeapStart + 0x5970'])                                                          = <void>
os_free (['HeapStart + 0x4258'])                                                          = <void>
os_free (['HeapStart + 0x6af8'])                                                          = <void>
os_free (['HeapStart + 0x33c0'])                                                          = <void>
os_free (['HeapStart + 0x18da8'])                                                         = <void>
os_free (['HeapStart + 0x33f8'])                                                          = <void>
os_free (['HeapStart + 0x26ea0'])                                                         = <void>
os_free (['HeapStart + 0x3468'])                                                          = <void>
os_free (['HeapStart + 0x57310'])                                                         = <void>
os_free (['HeapStart + 0x42e0'])                                                          = <void>
os_free (['<mapped-addr10> + 0x20'])                                                      = <void>
  munmap (['<mapped-addr10>', '204832'])                                                  = 0
os_free (['HeapStart + 0x90c8'])                                                          = <void>
os_free (['<mapped-addr13> + 0x20'])                                                      = <void>
  munmap (['<mapped-addr13>', '541928'])                                                  = 0
os_free (['HeapStart + 0x9150'])                                                          = <void>
os_free (['<mapped-addr16> + 0x20'])                                                      = <void>
  munmap (['<mapped-addr16>', '1027792'])                                                 = 0
os_free (['HeapStart + 0x91d8'])                                                          = <void>
os_free (['HeapStart + 0xa3c8'])                                                          = <void>
os_free (['HeapStart + 0x3ed8'])                                                          = <void>
os_free (['HeapStart + 0x4ce0'])                                                          = <void>
os_free (['HeapStart + 0x4058'])                                                          = <void>
os_free (['HeapStart + 0x4c68'])                                                          = <void>
os_free (['HeapStart + 0x9260'])                                                          = <void>
os_free (['HeapStart + 0x4de8'])                                                          = <void>
os_free (['HeapStart + 0x92e8'])                                                          = <void>
os_free (['HeapStart + 0x73d0'])                                                          = <void>
os_free (['HeapStart + 0x43c8'])                                                          = <void>
os_free (['HeapStart + 0x3758'])                                                          = <void>
os_free (['HeapStart + 0x3b88'])                                                          = <void>
os_free (['<mapped-addr4> + 0x20'])                                                       = <void>
  munmap (['<mapped-addr4>', '284384'])                                                   = 0
os_free (['HeapStart + 0x3c10'])                                                          = <void>
os_free (['HeapStart + 0x1a1c8'])                                                         = <void>
os_free (['HeapStart + 0x5190'])                                                          = <void>
os_free (['HeapStart + 0x32758'])                                                         = <void>
os_free (['HeapStart + 0x5208'])                                                          = <void>
os_free (['HeapStart + 0x70610'])                                                         = <void>
os_free (['HeapStart + 0x5568'])                                                          = <void>
os_free (['<mapped-addr11> + 0x20'])                                                      = <void>
  munmap (['<mapped-addr11>', '204832'])                                                  = 0
os_free (['HeapStart + 0x3c98'])                                                          = <void>
os_free (['<mapped-addr14> + 0x20'])                                                      = <void>
  munmap (['<mapped-addr14>', '541928'])                                                  = 0
os_free (['HeapStart + 0x59c0'])                                                          = <void>
os_free (['<mapped-addr17> + 0x20'])                                                      = <void>
  munmap (['<mapped-addr17>', '1027792'])                                                 = 0
os_free (['HeapStart + 0x3d20'])                                                          = <void>
os_free (['HeapStart + 0x45a0'])                                                          = <void>
os_free (['HeapStart + 0x3da8'])                                                          = <void>
os_free (['HeapStart + 0x8b50'])                                                          = <void>
os_free (['HeapStart + 0x3e30'])                                                          = <void>
os_free (['<mapped-addr8> + 0x20'])                                                       = <void>
  munmap (['<mapped-addr8>', '3930032'])                                                  = 0
os_free (['HeapStart + 0x4e20'])                                                          = <void>
os_free (['HeapStart + 0x10ea8'])                                                         = <void>
os_free (['HeapStart + 0x73a0'])                                                          = <void>
os_free (['HeapStart + 0x93d8'])                                                          = <void>
os_free (['HeapStart + 0x4ea8'])                                                          = <void>
os_free (['HeapStart + 0xa398'])                                                          = <void>
+++ exited (status 0) +++
