os_malloc (['131040'])                                                                    = HeapStart + 0x18
  brk (['0'])                                                                             = HeapStart + 0x0
  brk (['HeapStart + 0x20000'])                                                           = HeapStart + 0x20000
os_realloc (['0', '10'])                                                                  = HeapStart + 0x20018
  brk (['HeapStart + 0x20028'])                                                           = HeapStart + 0x20028
os_realloc (['0', '25'])                                                                  = HeapStart + 0x20040
  brk (['HeapStart + 0x20060'])                                                           = HeapStart + 0x20060
os_realloc (['0', '40'])                                                                  = HeapStart + 0x20078
  brk (['HeapStart + 0x200a0'])                                                           = HeapStart + 0x200a0
os_realloc (['0', '80'])                                                                  = HeapStart + 0x200b8
  brk (['HeapStart + 0x20108'])                                                           = HeapStart + 0x20108
os_realloc (['0', '160'])                                                                 = HeapStart + 0x20120
  brk (['HeapStart + 0x201c0'])                                                           = HeapStart + 0x201c0
os_realloc (['0', '350'])                                                                 = HeapStart + 0x201d8
  brk (['HeapStart + 0x20338'])                                                           = HeapStart + 0x20338
os_realloc (['0', '421'])                                                                 = HeapStart + 0x20350
  brk (['HeapStart + 0x204f8'])                                                           = HeapStart + 0x204f8
os_realloc (['0', '633'])                                                                 = HeapStart + 0x20510
  brk (['HeapStart + 0x20790'])                                                           = HeapStart + 0x20790
os_realloc (['0', '1000'])                                                                = HeapStart + 0x207a8
  brk (['HeapStart + 0x20b90'])                                                           = HeapStart + 0x20b90
os_realloc (['0', '2024'])                                                                = HeapStart + 0x20ba8
  brk (['HeapStart + 0x21390'])                                                           = HeapStart + 0x21390
os_realloc (['0', '4000'])                                                                = HeapStart + 0x213a8
  brk (['HeapStart + 0x22348'])                                                           = HeapStart + 0x22348
os_realloc (['HeapStart + 0x20040', '10'])                                                = HeapStart + 0x20040
os_realloc (['HeapStart + 0x20078', '25'])                                                = HeapStart + 0x20078
os_realloc (['HeapStart + 0x200b8', '40'])                                                = HeapStart + 0x200b8
os_realloc (['HeapStart + 0x20120', '80'])                                                = HeapStart + 0x20120
os_realloc (['HeapStart + 0x201d8', '160'])                                               = HeapStart + 0x201d8
os_realloc (['HeapStart + 0x20350', '350'])                                               = HeapStart + 0x20350
os_realloc (['HeapStart + 0x20510', '421'])                                               = HeapStart + 0x20510
os_realloc (['HeapStart + 0x207a8', '633'])                                               = HeapStart + 0x207a8
os_realloc (['HeapStart + 0x20ba8', '1000'])                                              = HeapStart + 0x20ba8
os_realloc (['HeapStart + 0x213a8', '2024'])                                              = HeapStart + 0x213a8
os_realloc (['HeapStart + 0x20018', '10'])                                                = HeapStart + 0x20018
os_realloc (['HeapStart + 0x20040', '25'])                                                = HeapStart + 0x20040
os_realloc (['HeapStart + 0x20078', '40'])                                                = HeapStart + 0x20078
os_realloc (['HeapStart + 0x200b8', '80'])                                                = HeapStart + 0x200b8
os_realloc (['HeapStart + 0x20120', '160'])                                               = HeapStart + 0x20120
os_realloc (['HeapStart + 0x201d8', '350'])                                               = HeapStart + 0x201d8
os_realloc (['HeapStart + 0x20350', '421'])                                               = HeapStart + 0x20350
os_realloc (['HeapStart + 0x20510', '633'])                                               = HeapStart + 0x20510
os_realloc (['HeapStart + 0x207a8', '1000'])                                              = HeapStart + 0x207a8
os_realloc (['HeapStart + 0x20ba8', '2024'])                                              = HeapStart + 0x20ba8
os_realloc (['HeapStart + 0x213a8', '4000'])                                              = HeapStart + 0x213a8
os_realloc (['HeapStart + 0x20018', '204800'])                                            = <mapped-addr1> + 0x18
  mmap (['0', '204824', 'PROT_READ | PROT_WRITE', 'MAP_PRIVATE | MAP_ANON', '-1', '0'])   = <mapped-addr1>
os_realloc (['HeapStart + 0x20040', '543942'])                                            = <mapped-addr2> + 0x18
  mmap (['0', '543968', 'PROT_READ | PROT_WRITE', 'MAP_PRIVATE | MAP_ANON', '-1', '0'])   = <mapped-addr2>
os_realloc (['HeapStart + 0x20078', '1048576'])                                           = <mapped-addr3> + 0x18
  mmap (['0', '1048600', 'PROT_READ | PROT_WRITE', 'MAP_PRIVATE | MAP_ANON', '-1', '0'])  = <mapped-addr3>
os_realloc (['HeapStart + 0x200b8', '5394606'])                                           = <mapped-addr4> + 0x18
  mmap (['0', '5394632', 'PROT_READ | PROT_WRITE', 'MAP_PRIVATE | MAP_ANON', '-1', '0'])  = <mapped-addr4>
os_realloc (['<mapped-addr1> + 0x18', '5120'])                                            = HeapStart + 0x22360
  brk (['HeapStart + 0x23760'])                                                           = HeapStart + 0x23760
  munmap (['<mapped-addr1>', '204824'])                                                   = 0
os_realloc (['<mapped-addr2> + 0x18', '47249'])                                           = HeapStart + 0x23778
  brk (['HeapStart + 0x2f010'])                                                           = HeapStart + 0x2f010
  munmap (['<mapped-addr2>', '543968'])                                                   = 0
os_realloc (['<mapped-addr3> + 0x18', '103132'])                                          = HeapStart + 0x2f028
  brk (['HeapStart + 0x48308'])                                                           = HeapStart + 0x48308
  munmap (['<mapped-addr3>', '1048600'])                                                  = 0
os_realloc (['<mapped-addr4> + 0x18', '204800'])                                          = <mapped-addr1> + 0x18
  mmap (['0', '204824', 'PROT_READ | PROT_WRITE', 'MAP_PRIVATE | MAP_ANON', '-1', '0'])   = <mapped-addr1>
  munmap (['<mapped-addr4>', '5394632'])                                                  = 0
os_realloc (['HeapStart + 0x20120', '541894'])                                            = <mapped-addr2> + 0x18
  mmap (['0', '541920', 'PROT_READ | PROT_WRITE', 'MAP_PRIVATE | MAP_ANON', '-1', '0'])   = <mapped-addr2>
os_realloc (['HeapStart + 0x201d8', '1027754'])                                           = <mapped-addr5> + 0x18
  mmap (['0', '1027784', 'PROT_READ | PROT_WRITE', 'MAP_PRIVATE | MAP_ANON', '-1', '0'])  = <mapped-addr5>
os_realloc (['0', '100'])                                                                 = HeapStart + 0x20018
os_free (['HeapStart + 0x20018'])                                                         = <void>
os_realloc (['HeapStart + 0x20018', '200'])                                               = 0
os_realloc (['HeapStart + 0x18', '0'])                                                    = 0
os_realloc (['HeapStart + 0x22360', '0'])                                                 = 0
os_realloc (['HeapStart + 0x23778', '0'])                                                 = 0
os_realloc (['HeapStart + 0x2f028', '0'])                                                 = 0
os_realloc (['<mapped-addr1> + 0x18', '0'])                                               = 0
  munmap (['<mapped-addr1>', '204824'])                                                   = 0
os_realloc (['<mapped-addr2> + 0x18', '0'])                                               = 0
  munmap (['<mapped-addr2>', '541920'])                                                   = 0
os_realloc (['<mapped-addr5> + 0x18', '0'])                                               = 0
  munmap (['<mapped-addr5>', '1027784'])                                                  = 0
os_realloc (['HeapStart + 0x20350', '0'])                                                 = 0
os_realloc (['HeapStart + 0x20510', '0'])                                                 = 0
os_realloc (['HeapStart + 0x207a8', '0'])                                                 = 0
os_realloc (['HeapStart + 0x20ba8', '0'])                                                 = 0
os_realloc (['HeapStart + 0x213a8', '0'])                                                 = 0
+++ exited (status 0) +++
