os_malloc (['131032'])                                                                    = HeapStart + 0x20
  brk (['0'])                                                                             = HeapStart + 0x0
  brk (['HeapStart + 0x20000'])                                                           = HeapStart + 0x20000
os_malloc (['7120'])                                                                      = HeapStart + 0x20020
  brk (['HeapStart + 0x21bf0'])                                                           = HeapStart + 0x21bf0
os_malloc (['1'])                                                                         = HeapStart + 0x21c10
  brk (['HeapStart + 0x21c18'])                                                           = HeapStart + 0x21c18
os_realloc (['HeapStart + 0x20020', '7120'])                                              = HeapStart + 0x20020
os_realloc (['HeapStart + 0x21c10', '0'])                                                 = 0
os_realloc (['0', '1'])                                                                   = HeapStart + 0x21c10
os_realloc (['HeapStart + 0x20020', '7119'])                                              = HeapStart + 0x20020
os_realloc (['HeapStart + 0x21c10', '0'])                                                 = 0
os_realloc (['0', '1'])                                                                   = HeapStart + 0x21c10
os_realloc (['HeapStart + 0x20020', '7118'])                                              = HeapStart + 0x20020
os_realloc (['HeapStart + 0x21c10', '0'])                                                 = 0
os_realloc (['0', '1'])                                                                   = HeapStart + 0x21c10
os_realloc (['HeapStart + 0x20020', '7117'])                                              = HeapStart + 0x20020
os_realloc (['HeapStart + 0x21c10', '0'])                                                 = 0
os_realloc (['0', '1'])                                                                   = HeapStart + 0x21c10
os_realloc (['HeapStart + 0x20020', '7116'])                                              = HeapStart + 0x20020
os_realloc (['HeapStart + 0x21c10', '0'])                                                 = 0
os_realloc (['0', '1'])                                                                   = HeapStart + 0x21c10
os_realloc (['HeapStart + 0x20020', '7115'])                                              = HeapStart + 0x20020
os_realloc (['HeapStart + 0x21c10', '0'])                                                 = 0
os_realloc (['0', '1'])                                                                   = HeapStart + 0x21c10
os_realloc (['HeapStart + 0x20020', '7114'])                                              = HeapStart + 0x20020
os_realloc (['HeapStart + 0x21c10', '0'])                                                 = 0
os_realloc (['0', '1'])                                                                   = HeapStart + 0x21c10
os_realloc (['HeapStart + 0x20020', '7113'])                                              = HeapStart + 0x20020
os_realloc (['HeapStart + 0x21c10', '0'])                                                 = 0
os_realloc (['0', '1'])                                                                   = HeapStart + 0x21c10
os_realloc (['HeapStart + 0x20020', '7112'])                                              = HeapStart + 0x20020
os_realloc (['HeapStart + 0x21c10', '0'])                                                 = 0
os_realloc (['0', '1'])                                                                   = HeapStart + 0x21c10
os_realloc (['HeapStart + 0x20020', '7111'])                                              = HeapStart + 0x20020
os_realloc (['HeapStart + 0x21c10', '0'])                                                 = 0
os_realloc (['0', '1'])                                                                   = HeapStart + 0x21c10
os_realloc (['HeapStart + 0x20020', '7110'])                                              = HeapStart + 0x20020
os_realloc (['HeapStart + 0x21c10', '0'])                                                 = 0
os_realloc (['0', '1'])                                                                   = HeapStart + 0x21c10
os_realloc (['HeapStart + 0x20020', '7109'])                                              = HeapStart + 0x20020
os_realloc (['HeapStart + 0x21c10', '0'])                                                 = 0
os_realloc (['0', '1'])                                                                   = HeapStart + 0x21c10
os_realloc (['HeapStart + 0x20020', '7108'])                                              = HeapStart + 0x20020
os_realloc (['HeapStart + 0x21c10', '0'])                                                 = 0
os_realloc (['0', '1'])                                                                   = HeapStart + 0x21c10
os_realloc (['HeapStart + 0x20020', '7107'])                                              = HeapStart + 0x20020
os_realloc (['HeapStart + 0x21c10', '0'])                                                 = 0
os_realloc (['0', '1'])                                                                   = HeapStart + 0x21c10
os_realloc (['HeapStart + 0x20020', '7106'])                                              = HeapStart + 0x20020
os_realloc (['HeapStart + 0x21c10', '0'])                                                 = 0
os_realloc (['0', '1'])                                                                   = HeapStart + 0x21c10
os_realloc (['HeapStart + 0x20020', '7105'])                                              = HeapStart + 0x20020
os_realloc (['HeapStart + 0x21c10', '0'])                                                 = 0
os_realloc (['0', '1'])                                                                   = HeapStart + 0x21c10
os_realloc (['HeapStart + 0x20020', '7104'])                                              = HeapStart + 0x20020
os_realloc (['HeapStart + 0x21c10', '0'])                                                 = 0
os_realloc (['0', '1'])                                                                   = HeapStart + 0x21c10
os_realloc (['HeapStart + 0x20020', '7103'])                                              = HeapStart + 0x20020
os_realloc (['HeapStart + 0x21c10', '0'])                                                 = 0
os_realloc (['0', '1'])                                                                   = HeapStart + 0x21c10
os_realloc (['HeapStart + 0x20020', '7102'])                                              = HeapStart + 0x20020
os_realloc (['HeapStart + 0x21c10', '0'])                                                 = 0
os_realloc (['0', '1'])                                                                   = HeapStart + 0x21c10
os_realloc (['HeapStart + 0x20020', '7101'])                                              = HeapStart + 0x20020
os_realloc (['HeapStart + 0x21c10', '0'])                                                 = 0
os_realloc (['0', '1'])                                                                   = HeapStart + 0x21c10
os_realloc (['HeapStart + 0x20020', '7100'])                                              = HeapStart + 0x20020
os_realloc (['HeapStart + 0x21c10', '0'])                                                 = 0
os_realloc (['0', '1'])                                                                   = HeapStart + 0x21c10
os_realloc (['HeapStart + 0x20020', '7099'])                                              = HeapStart + 0x20020
os_realloc (['HeapStart + 0x21c10', '0'])                                                 = 0
os_realloc (['0', '1'])                                                                   = HeapStart + 0x21c10
os_realloc (['HeapStart + 0x20020', '7098'])                                              = HeapStart + 0x20020
os_realloc (['HeapStart + 0x21c10', '0'])                                                 = 0
os_realloc (['0', '1'])                                                                   = HeapStart + 0x21c10
os_realloc (['HeapStart + 0x20020', '7097'])                                              = HeapStart + 0x20020
os_realloc (['HeapStart + 0x21c10', '0'])                                                 = 0
os_realloc (['0', '1'])                                                                   = HeapStart + 0x21c10
os_realloc (['HeapStart + 0x20020', '7096'])                                              = HeapStart + 0x20020
os_realloc (['HeapStart + 0x21c10', '0'])                                                 = 0
os_realloc (['0', '1'])                                                                   = HeapStart + 0x21c10
os_realloc (['HeapStart + 0x20020', '7095'])                                              = HeapStart + 0x20020
os_realloc (['HeapStart + 0x21c10', '0'])                                                 = 0
os_realloc (['0', '1'])                                                                   = HeapStart + 0x21c10
os_realloc (['HeapStart + 0x20020', '7094'])                                              = HeapStart + 0x20020
os_realloc (['HeapStart + 0x21c10', '0'])                                                 = 0
os_realloc (['0', '1'])                                                                   = HeapStart + 0x21c10
os_realloc (['HeapStart + 0x20020', '7093'])                                              = HeapStart + 0x20020
os_realloc (['HeapStart + 0x21c10', '0'])                                                 = 0
os_realloc (['0', '1'])                                                                   = HeapStart + 0x21c10
os_realloc (['HeapStart + 0x20020', '7092'])                                              = HeapStart + 0x20020
os_realloc (['HeapStart + 0x21c10', '0'])                                                 = 0
os_realloc (['0', '1'])                                                                   = HeapStart + 0x21c10
os_realloc (['HeapStart + 0x20020', '7091'])                                              = HeapStart + 0x20020
os_realloc (['HeapStart + 0x21c10', '0'])                                                 = 0
os_realloc (['0', '1'])                                                                   = HeapStart + 0x21c10
os_realloc (['HeapStart + 0x20020', '7090'])                                              = HeapStart + 0x20020
os_realloc (['HeapStart + 0x21c10', '0'])                                                 = 0
os_realloc (['0', '1'])                                                                   = HeapStart + 0x21c10
os_realloc (['HeapStart + 0x20020', '7089'])                                              = HeapStart + 0x20020
os_realloc (['HeapStart + 0x21c10', '0'])                                                 = 0
os_realloc (['0', '1'])                                                                   = HeapStart + 0x21c10
os_realloc (['HeapStart + 0x20020', '7088'])                                              = HeapStart + 0x20020
os_realloc (['HeapStart + 0x21c10', '0'])                                                 = 0
os_realloc (['0', '1'])                                                                   = HeapStart + 0x21c10
os_realloc (['HeapStart + 0x20020', '7087'])                                              = HeapStart + 0x20020
os_realloc (['HeapStart + 0x21c10', '0'])                                                 = 0
os_realloc (['0', '1'])                                                                   = HeapStart + 0x21c10
os_realloc (['HeapStart + 0x20020', '7086'])                                              = HeapStart + 0x20020
os_realloc (['HeapStart + 0x21c10', '0'])                                                 = 0
os_realloc (['0', '1'])                                                                   = HeapStart + 0x21c10
os_realloc (['HeapStart + 0x20020', '7085'])                                              = HeapStart + 0x20020
os_realloc (['HeapStart + 0x21c10', '0'])                                                 = 0
os_realloc (['0', '1'])                                                                   = HeapStart + 0x21c10
os_realloc (['HeapStart + 0x20020', '7084'])                                              = HeapStart + 0x20020
os_realloc (['HeapStart + 0x21c10', '0'])                                                 = 0
os_realloc (['0', '1'])                                                                   = HeapStart + 0x21c10
os_realloc (['HeapStart + 0x20020', '7083'])                                              = HeapStart + 0x20020
os_realloc (['HeapStart + 0x21c10', '0'])                                                 = 0
os_realloc (['0', '1'])                                                                   = HeapStart + 0x21c10
os_realloc (['HeapStart + 0x20020', '7082'])                                              = HeapStart + 0x20020
os_realloc (['HeapStart + 0x21c10', '0'])                                                 = 0
os_realloc (['0', '1'])                                                                   = HeapStart + 0x21c10
os_realloc (['HeapStart + 0x20020', '7081'])                                              = HeapStart + 0x20020
os_realloc (['HeapStart + 0x21c10', '0'])                                                 = 0
os_realloc (['0', '1'])                                                                   = HeapStart + 0x21c10
os_realloc (['HeapStart + 0x20020', '7080'])                                              = HeapStart + 0x20020
os_realloc (['HeapStart + 0x21c10', '0'])                                                 = 0
os_realloc (['0', '1'])                                                                   = HeapStart + 0x21be8
os_realloc (['HeapStart + 0x20020', '0'])                                                 = 0
os_realloc (['HeapStart + 0x21be8', '0'])                                                 = 0
os_realloc (['HeapStart + 0x20', '0'])                                                    = 0
+++ exited (status 0) +++
