os_malloc (['131040'])                                                                    = HeapStart + 0x18
  brk (['0'])                                                                             = HeapStart + 0x0
  brk (['HeapStart + 0x20000'])                                                           = HeapStart + 0x20000
os_free (['HeapStart + 0x18'])                                                            = <void>
os_malloc (['10'])                                                                        = HeapStart + 0x18
os_malloc (['25'])                                                                        = HeapStart + 0x40
os_malloc (['40'])                                                                        = HeapStart + 0x78
os_malloc (['80'])                                                                        = HeapStart + 0xb8
os_malloc (['160'])                                                                       = HeapStart + 0x120
os_malloc (['350'])                                                                       = HeapStart + 0x1d8
os_malloc (['421'])                                                                       = HeapStart + 0x350
os_malloc (['633'])                                                                       = HeapStart + 0x510
os_malloc (['1000'])                                                                      = HeapStart + 0x7a8
os_malloc (['2024'])                                                                      = HeapStart + 0xba8
os_malloc (['4000'])                                                                      = HeapStart + 0x13a8
os_free (['HeapStart + 0x18'])                                                            = <void>
os_free (['HeapStart + 0x40'])                                                            = <void>
os_malloc (['35'])                                                                        = HeapStart + 0x18
os_free (['HeapStart + 0x120'])                                                           = <void>
os_free (['HeapStart + 0x1d8'])                                                           = <void>
os_malloc (['510'])                                                                       = HeapStart + 0x120
os_free (['HeapStart + 0x7a8'])                                                           = <void>
os_free (['HeapStart + 0xba8'])                                                           = <void>
os_malloc (['3024'])                                                                      = HeapStart + 0x7a8
os_malloc (['3000'])                                                                      = HeapStart + 0x2360
os_free (['HeapStart + 0x2360'])                                                          = <void>
os_free (['HeapStart + 0x18'])                                                            = <void>
os_free (['HeapStart + 0x78'])                                                            = <void>
os_free (['HeapStart + 0xb8'])                                                            = <void>
os_free (['HeapStart + 0x120'])                                                           = <void>
os_free (['HeapStart + 0x350'])                                                           = <void>
os_free (['HeapStart + 0x510'])                                                           = <void>
os_free (['HeapStart + 0x7a8'])                                                           = <void>
os_free (['HeapStart + 0x13a8'])                                                          = <void>
+++ exited (status 0) +++
