os_malloc (['131040'])                                                                    = HeapStart + 0x18
  brk (['0'])                                                                             = HeapStart + 0x0
  brk (['HeapStart + 0x20000'])                                                           = HeapStart + 0x20000
os_malloc (['1000'])                                                                      = HeapStart + 0x20018
  brk (['HeapStart + 0x20400'])                                                           = HeapStart + 0x20400
os_malloc (['1000'])                                                                      = HeapStart + 0x20418
  brk (['HeapStart + 0x20800'])                                                           = HeapStart + 0x20800
os_malloc (['1000'])                                                                      = HeapStart + 0x20818
  brk (['HeapStart + 0x20c00'])                                                           = HeapStart + 0x20c00
os_free (['HeapStart + 0x18'])                                                            = <void>
os_malloc (['65536'])                                                                     = HeapStart + 0x18
os_malloc (['32768'])                                                                     = HeapStart + 0x10030
os_malloc (['16384'])                                                                     = HeapStart + 0x18048
os_malloc (['8192'])                                                                      = HeapStart + 0x1c060
os_malloc (['4096'])                                                                      = HeapStart + 0x1e078
os_malloc (['2048'])                                                                      = HeapStart + 0x1f090
os_malloc (['1024'])                                                                      = HeapStart + 0x1f8a8
os_malloc (['512'])                                                                       = HeapStart + 0x1fcc0
os_malloc (['256'])                                                                       = HeapStart + 0x1fed8
os_malloc (['128'])                                                                       = HeapStart + 0x20c18
  brk (['HeapStart + 0x20c98'])                                                           = HeapStart + 0x20c98
os_free (['HeapStart + 0x20018'])                                                         = <void>
os_free (['HeapStart + 0x20418'])                                                         = <void>
os_free (['HeapStart + 0x20818'])                                                         = <void>
os_free (['HeapStart + 0x18'])                                                            = <void>
os_free (['HeapStart + 0x10030'])                                                         = <void>
os_free (['HeapStart + 0x18048'])                                                         = <void>
os_free (['HeapStart + 0x1c060'])                                                         = <void>
os_free (['HeapStart + 0x1e078'])                                                         = <void>
os_free (['HeapStart + 0x1f090'])                                                         = <void>
os_free (['HeapStart + 0x1f8a8'])                                                         = <void>
os_free (['HeapStart + 0x1fcc0'])                                                         = <void>
os_free (['HeapStart + 0x1fed8'])                                                         = <void>
os_free (['HeapStart + 0x20c18'])                                                         = <void>
+++ exited (status 0) +++
