os_malloc (['131040'])                                                                    = HeapStart + 0x18
  brk (['0'])                                                                             = HeapStart + 0x0
  brk (['HeapStart + 0x20000'])                                                           = HeapStart + 0x20000
os_realloc (['0', '1000'])                                                                = HeapStart + 0x20018
  brk (['HeapStart + 0x20400'])                                                           = HeapStart + 0x20400
os_realloc (['0', '1000'])                                                                = HeapStart + 0x20418
  brk (['HeapStart + 0x20800'])                                                           = HeapStart + 0x20800
os_realloc (['0', '1000'])                                                                = HeapStart + 0x20818
  brk (['HeapStart + 0x20c00'])                                                           = HeapStart + 0x20c00
os_free (['HeapStart + 0x20418'])                                                         = <void>
os_realloc (['0', '300'])                                                                 = HeapStart + 0x20418
os_realloc (['0', '300'])                                                                 = HeapStart + 0x20560
os_realloc (['0', '300'])                                                                 = HeapStart + 0x206a8
os_free (['HeapStart + 0x20560'])                                                         = <void>
os_realloc (['0', '70'])                                                                  = HeapStart + 0x20560
os_realloc (['0', '70'])                                                                  = HeapStart + 0x205c0
os_realloc (['0', '70'])                                                                  = HeapStart + 0x20620
os_free (['HeapStart + 0x20560'])                                                         = <void>
os_free (['HeapStart + 0x205c0'])                                                         = <void>
os_free (['HeapStart + 0x20620'])                                                         = <void>
os_realloc (['0', '100'])                                                                 = HeapStart + 0x20560
os_realloc (['HeapStart + 0x20560', '200'])                                               = HeapStart + 0x20560
os_realloc (['HeapStart + 0x20560', '300'])                                               = HeapStart + 0x20560
os_free (['HeapStart + 0x20418'])                                                         = <void>
os_free (['HeapStart + 0x206a8'])                                                         = <void>
os_realloc (['HeapStart + 0x20560', '600'])                                               = HeapStart + 0x20560
os_realloc (['HeapStart + 0x20560', '0'])                                                 = 0
os_realloc (['0', '1000'])                                                                = HeapStart + 0x20418
os_free (['HeapStart + 0x20018'])                                                         = <void>
os_free (['HeapStart + 0x20818'])                                                         = <void>
os_realloc (['HeapStart + 0x20418', '2000'])                                              = HeapStart + 0x20418
os_realloc (['HeapStart + 0x20418', '0'])                                                 = 0
os_realloc (['0', '3000'])                                                                = HeapStart + 0x20018
os_free (['HeapStart + 0x18'])                                                            = <void>
os_free (['HeapStart + 0x20018'])                                                         = <void>
+++ exited (status 0) +++
