os_malloc (['131032'])                                                                    = HeapStart + 0x20
  brk (['0'])                                                                             = HeapStart + 0x0
  brk (['HeapStart + 0x20000'])                                                           = HeapStart + 0x20000
os_realloc (['0', '10'])                                                                  = HeapStart + 0x20020
  brk (['HeapStart + 0x20030'])                                                           = HeapStart + 0x20030
os_realloc (['0', '25'])                                                                  = HeapStart + 0x20050
  brk (['HeapStart + 0x20070'])                                                           = HeapStart + 0x20070
os_realloc (['0', '40'])                                                                  = HeapStart + 0x20090
  brk (['HeapStart + 0x200b8'])                                                           = HeapStart + 0x200b8
os_realloc (['0', '80'])                                                                  = HeapStart + 0x200d8
  brk (['HeapStart + 0x20128'])                                                           = HeapStart + 0x20128
os_realloc (['0', '160'])                                                                 = HeapStart + 0x20148
  brk (['HeapStart + 0x201e8'])                                                           = HeapStart + 0x201e8
os_realloc (['0', '350'])                                                                 = HeapStart + 0x20208
  brk (['HeapStart + 0x20368'])                                                           = HeapStart + 0x20368
os_realloc (['0', '421'])                                                                 = HeapStart + 0x20388
  brk (['HeapStart + 0x20530'])                                                           = HeapStart + 0x20530
os_realloc (['0', '633'])                                                                 = HeapStart + 0x20550
  brk (['HeapStart + 0x207d0'])                                                           = HeapStart + 0x207d0
os_realloc (['0', '1000'])                                                                = HeapStart + 0x207f0
  brk (['HeapStart + 0x20bd8'])                                                           = HeapStart + 0x20bd8
os_realloc (['0', '2024'])                                                                = HeapStart + 0x20bf8
  brk (['HeapStart + 0x213e0'])                                                           = HeapStart + 0x213e0
os_realloc (['0', '4000'])                                                                = HeapStart + 0x21400
  brk (['HeapStart + 0x223a0'])                                                           = HeapStart + 0x223a0
os_realloc (['HeapStart + 0x20050', '10'])                                                = HeapStart + 0x20050
os_realloc (['HeapStart + 0x20090', '25'])                                                = HeapStart + 0x20090
os_realloc (['HeapStart + 0x200d8', '40'])                                                = HeapStart + 0x200d8
os_realloc (['HeapStart + 0x20148', '80'])                                                = HeapStart + 0x20148
os_realloc (['HeapStart + 0x20208', '160'])                                               = HeapStart + 0x20208
os_realloc (['HeapStart + 0x20388', '350'])                                               = HeapStart + 0x20388
os_realloc (['HeapStart + 0x20550', '421'])                                               = HeapStart + 0x20550
os_realloc (['HeapStart + 0x207f0', '633'])                                               = HeapStart + 0x207f0
os_realloc (['HeapStart + 0x20bf8', '1000'])                                              = HeapStart + 0x20bf8
os_realloc (['HeapStart + 0x21400', '2024'])                                              = HeapStart + 0x21400
os_realloc (['HeapStart + 0x20020', '10'])                                                = HeapStart + 0x20020
os_realloc (['HeapStart + 0x20050', '25'])                                                = HeapStart + 0x20050
os_realloc (['HeapStart + 0x20090', '40'])                                                = HeapStart + 0x20090
os_realloc (['HeapStart + 0x200d8', '80'])                                                = HeapStart + 0x200d8
os_realloc (['HeapStart + 0x20148', '160'])                                               = HeapStart + 0x20148
os_realloc (['HeapStart + 0x20208', '350'])                                               = HeapStart + 0x20208
os_realloc (['HeapStart + 0x20388', '421'])                                               = HeapStart + 0x20388
os_realloc (['HeapStart + 0x20550', '633'])                                               = HeapStart + 0x20550
os_realloc (['HeapStart + 0x207f0', '1000'])                                              = HeapStart + 0x207f0
os_realloc (['HeapStart + 0x20bf8', '2024'])                                              = HeapStart + 0x20bf8
os_realloc (['HeapStart + 0x21400', '4000'])                                              = HeapStart + 0x21400
os_realloc (['HeapStart + 0x20020', '204800'])                                            = <mapped-addr1> + 0x20
  mmap (['0', '204832', 'PROT_READ | PROT_WRITE', 'MAP_PRIVATE | MAP_ANON', '-1', '0'])   = <mapped-addr1>
os_realloc (['HeapStart + 0x20050', '543942'])                                            = <mapped-addr2> + 0x20
  mmap (['0', '543976', 'PROT_READ | PROT_WRITE', 'MAP_PRIVATE | MAP_ANON', '-1', '0'])   = <mapped-addr2>
os_realloc (['HeapStart + 0x20090', '1048576'])                                           = <mapped-addr3> + 0x20
  mmap (['0', '1048608', 'PROT_READ | PROT_WRITE', 'MAP_PRIVATE | MAP_ANON', '-1', '0'])  = <mapped-addr3>
os_realloc (['HeapStart + 0x200d8', '5394606'])                                           = <mapped-addr4> + 0x20
  mmap (['0', '5394640', 'PROT_READ | PROT_WRITE', 'MAP_PRIVATE | MAP_ANON', '-1', '0'])  = <mapped-addr4>
os_realloc (['<mapped-addr1> + 0x20', '5120'])                                            = HeapStart + 0x223c0
  brk (['HeapStart + 0x237c0'])                                                           = HeapStart + 0x237c0
  munmap (['<mapped-addr1>', '204832'])                                                   = 0
os_realloc (['<mapped-addr2> + 0x20', '47249'])                                           = HeapStart + 0x237e0
  brk (['HeapStart + 0x2f078'])                                                           = HeapStart + 0x2f078
  munmap (['<mapped-addr2>', '543976'])                                                   = 0
os_realloc (['<mapped-addr3> + 0x20', '103132'])                                          = HeapStart + 0x2f098
  brk (['HeapStart + 0x48378'])                                                           = HeapStart + 0x48378
  munmap (['<mapped-addr3>', '1048608'])                                                  = 0
os_realloc (['<mapped-addr4> + 0x20', '204800'])                                          = <mapped-addr5> + 0x20
  mmap (['0', '204832', 'PROT_READ | PROT_WRITE', 'MAP_PRIVATE | MAP_ANON', '-1', '0'])   = <mapped-addr5>
  munmap (['<mapped-addr4>', '5394640'])                                                  = 0
os_realloc (['HeapStart + 0x20148', '541894'])                                            = <mapped-addr6> + 0x20
  mmap (['0', '541928', 'PROT_READ | PROT_WRITE', 'MAP_PRIVATE | MAP_ANON', '-1', '0'])   = <mapped-addr6>
os_realloc (['HeapStart + 0x20208', '1027754'])                                           = <mapped-addr7> + 0x20
  mmap (['0', '1027792', 'PROT_READ | PROT_WRITE', 'MAP_PRIVATE | MAP_ANON', '-1', '0'])  = <mapped-addr7>
os_realloc (['0', '100'])                                                                 = HeapStart + 0x20020
os_free (['HeapStart + 0x20020'])                                                         = <void>
os_realloc (['HeapStart + 0x20020', '200'])                                               = 0
os_realloc (['HeapStart + 0x20', '0'])                                                    = 0
os_realloc (['HeapStart + 0x223c0', '0'])                                                 = 0
os_realloc (['HeapStart + 0x237e0', '0'])                                                 = 0
os_realloc (['HeapStart + 0x2f098', '0'])                                                 = 0
os_realloc (['<mapped-addr5> + 0x20', '0'])                                               = 0
  munmap (['<mapped-addr5>', '204832'])                                                   = 0
os_realloc (['<mapped-addr6> + 0x20', '0'])                                               = 0
  munmap (['<mapped-addr6>', '541928'])                                                   = 0
os_realloc (['<mapped-addr7> + 0x20', '0'])                                               = 0
  munmap (['<mapped-addr7>', '1027792'])                                                  = 0
os_realloc (['HeapStart + 0x20388', '0'])                                                 = 0
os_realloc (['HeapStart + 0x20550', '0'])                                                 = 0
os_realloc (['HeapStart + 0x207f0', '0'])                                                 = 0
os_realloc (['HeapStart + 0x20bf8', '0'])                                                 = 0
os_realloc (['HeapStart + 0x21400', '0'])                                                 = 0
+++ exited (status 0) +++
