os_malloc (['131040'])                                                                    = HeapStart + 0x18
  brk (['0'])                                                                             = HeapStart + 0x0
  brk (['HeapStart + 0x20000'])                                                           = HeapStart + 0x20000
os_malloc (['1000'])                                                                      = HeapStart + 0x20018
  brk (['HeapStart + 0x20400'])                                                           = HeapStart + 0x20400
os_malloc (['2000'])                                                                      = HeapStart + 0x20418
  brk (['HeapStart + 0x20be8'])                                                           = HeapStart + 0x20be8
os_malloc (['60000'])                                                                     = HeapStart + 0x20c00
  brk (['HeapStart + 0x2f660'])                                                           = HeapStart + 0x2f660
os_free (['HeapStart + 0x20c00'])                                                         = <void>
os_malloc (['30000'])                                                                     = HeapStart + 0x20c00
os_malloc (['15000'])                                                                     = HeapStart + 0x28148
os_malloc (['7500'])                                                                      = HeapStart + 0x2bbf8
os_malloc (['3750'])                                                                      = HeapStart + 0x2d960
os_malloc (['1875'])                                                                      = HeapStart + 0x2e820
os_malloc (['937'])                                                                       = HeapStart + 0x2ef90
os_malloc (['468'])                                                                       = HeapStart + 0x2f358
os_malloc (['234'])                                                                       = HeapStart + 0x2f548
os_free (['HeapStart + 0x18'])                                                            = <void>
os_free (['HeapStart + 0x20018'])                                                         = <void>
os_free (['HeapStart + 0x20418'])                                                         = <void>
os_free (['HeapStart + 0x20c00'])                                                         = <void>
os_free (['HeapStart + 0x28148'])                                                         = <void>
os_free (['HeapStart + 0x2bbf8'])                                                         = <void>
os_free (['HeapStart + 0x2d960'])                                                         = <void>
os_free (['HeapStart + 0x2e820'])                                                         = <void>
os_free (['HeapStart + 0x2ef90'])                                                         = <void>
os_free (['HeapStart + 0x2f358'])                                                         = <void>
os_free (['HeapStart + 0x2f548'])                                                         = <void>
+++ exited (status 0) +++
