os_malloc (['131040'])                                                                    = HeapStart + 0x18
  brk (['0'])                                                                             = HeapStart + 0x0
  brk (['HeapStart + 0x20000'])                                                           = HeapStart + 0x20000
os_calloc (['3024', '1'])                                                                 = HeapStart + 0x20018
  brk (['HeapStart + 0x20be8'])                                                           = HeapStart + 0x20be8
os_calloc (['1', '1'])                                                                    = HeapStart + 0x20c00
  brk (['HeapStart + 0x20c08'])                                                           = HeapStart + 0x20c08
os_free (['HeapStart + 0x20018'])                                                         = <void>
os_calloc (['3024', '1'])                                                                 = HeapStart + 0x20018
os_free (['HeapStart + 0x20c00'])                                                         = <void>
os_calloc (['1', '1'])                                                                    = HeapStart + 0x20c00
os_free (['HeapStart + 0x20018'])                                                         = <void>
os_calloc (['3023', '1'])                                                                 = HeapStart + 0x20018
os_free (['HeapStart + 0x20c00'])                                                         = <void>
os_calloc (['1', '1'])                                                                    = HeapStart + 0x20c00
os_free (['HeapStart + 0x20018'])                                                         = <void>
os_calloc (['3022', '1'])                                                                 = HeapStart + 0x20018
os_free (['HeapStart + 0x20c00'])                                                         = <void>
os_calloc (['1', '1'])                                                                    = HeapStart + 0x20c00
os_free (['HeapStart + 0x20018'])                                                         = <void>
os_calloc (['3021', '1'])                                                                 = HeapStart + 0x20018
os_free (['HeapStart + 0x20c00'])                                                         = <void>
os_calloc (['1', '1'])                                                                    = HeapStart + 0x20c00
os_free (['HeapStart + 0x20018'])                                                         = <void>
os_calloc (['3020', '1'])                                                                 = HeapStart + 0x20018
os_free (['HeapStart + 0x20c00'])                                                         = <void>
os_calloc (['1', '1'])                                                                    = HeapStart + 0x20c00
os_free (['HeapStart + 0x20018'])                                                         = <void>
os_calloc (['3019', '1'])                                                                 = HeapStart + 0x20018
os_free (['HeapStart + 0x20c00'])                                                         = <void>
os_calloc (['1', '1'])                                                                    = HeapStart + 0x20c00
os_free (['HeapStart + 0x20018'])                                                         = <void>
os_calloc (['3018', '1'])                                                                 = HeapStart + 0x20018
os_free (['HeapStart + 0x20c00'])                                                         = <void>
os_calloc (['1', '1'])                                                                    = HeapStart + 0x20c00
os_free (['HeapStart + 0x20018'])                                                         = <void>
os_calloc (['3017', '1'])                                                                 = HeapStart + 0x20018
os_free (['HeapStart + 0x20c00'])                                                         = <void>
os_calloc (['1', '1'])                                                                    = HeapStart + 0x20c00
os_free (['HeapStart + 0x20018'])                                                         = <void>
os_calloc (['3016', '1'])                                                                 = HeapStart + 0x20018
os_free (['HeapStart + 0x20c00'])                                                         = <void>
os_calloc (['1', '1'])                                                                    = HeapStart + 0x20c00
os_free (['HeapStart + 0x20018'])                                                         = <void>
os_calloc (['3015', '1'])                                                                 = HeapStart + 0x20018
os_free (['HeapStart + 0x20c00'])                                                         = <void>
os_calloc (['1', '1'])                                                                    = HeapStart + 0x20c00
os_free (['HeapStart + 0x20018'])                                                         = <void>
os_calloc (['3014', '1'])                                                                 = HeapStart + 0x20018
os_free (['HeapStart + 0x20c00'])                                                         = <void>
os_calloc (['1', '1'])                                                                    = HeapStart + 0x20c00
os_free (['HeapStart + 0x20018'])                                                         = <void>
os_calloc (['3013', '1'])                                                                 = HeapStart + 0x20018
os_free (['HeapStart + 0x20c00'])                                                         = <void>
os_calloc (['1', '1'])                                                                    = HeapStart + 0x20c00
os_free (['HeapStart + 0x20018'])                                                         = <void>
os_calloc (['3012', '1'])                                                                 = HeapStart + 0x20018
os_free (['HeapStart + 0x20c00'])                                                         = <void>
os_calloc (['1', '1'])                                                                    = HeapStart + 0x20c00
os_free (['HeapStart + 0x20018'])                                                         = <void>
os_calloc (['3011', '1'])                                                                 = HeapStart + 0x20018
os_free (['HeapStart + 0x20c00'])                                                         = <void>
os_calloc (['1', '1'])                                                                    = HeapStart + 0x20c00
os_free (['HeapStart + 0x20018'])                                                         = <void>
os_calloc (['3010', '1'])                                                                 = HeapStart + 0x20018
os_free (['HeapStart + 0x20c00'])                                                         = <void>
os_calloc (['1', '1'])                                                                    = HeapStart + 0x20c00
os_free (['HeapStart + 0x20018'])                                                         = <void>
os_calloc (['3009', '1'])                                                                 = HeapStart + 0x20018
os_free (['HeapStart + 0x20c00'])                                                         = <void>
os_calloc (['1', '1'])                                                                    = HeapStart + 0x20c00
os_free (['HeapStart + 0x20018'])                                                         = <void>
os_calloc (['3008', '1'])                                                                 = HeapStart + 0x20018
os_free (['HeapStart + 0x20c00'])                                                         = <void>
os_calloc (['1', '1'])                                                                    = HeapStart + 0x20c00
os_free (['HeapStart + 0x20018'])                                                         = <void>
os_calloc (['3007', '1'])                                                                 = HeapStart + 0x20018
os_free (['HeapStart + 0x20c00'])                                                         = <void>
os_calloc (['1', '1'])                                                                    = HeapStart + 0x20c00
os_free (['HeapStart + 0x20018'])                                                         = <void>
os_calloc (['3006', '1'])                                                                 = HeapStart + 0x20018
os_free (['HeapStart + 0x20c00'])                                                         = <void>
os_calloc (['1', '1'])                                                                    = HeapStart + 0x20c00
os_free (['HeapStart + 0x20018'])                                                         = <void>
os_calloc (['3005', '1'])                                                                 = HeapStart + 0x20018
os_free (['HeapStart + 0x20c00'])                                                         = <void>
os_calloc (['1', '1'])                                                                    = HeapStart + 0x20c00
os_free (['HeapStart + 0x20018'])                                                         = <void>
os_calloc (['3004', '1'])                                                                 = HeapStart + 0x20018
os_free (['HeapStart + 0x20c00'])                                                         = <void>
os_calloc (['1', '1'])                                                                    = HeapStart + 0x20c00
os_free (['HeapStart + 0x20018'])                                                         = <void>
os_calloc (['3003', '1'])                                                                 = HeapStart + 0x20018
os_free (['HeapStart + 0x20c00'])                                                         = <void>
os_calloc (['1', '1'])                                                                    = HeapStart + 0x20c00
os_free (['HeapStart + 0x20018'])                                                         = <void>
os_calloc (['3002', '1'])                                                                 = HeapStart + 0x20018
os_free (['HeapStart + 0x20c00'])                                                         = <void>
os_calloc (['1', '1'])                                                                    = HeapStart + 0x20c00
os_free (['HeapStart + 0x20018'])                                                         = <void>
os_calloc (['3001', '1'])                                                                 = HeapStart + 0x20018
os_free (['HeapStart + 0x20c00'])                                                         = <void>
os_calloc (['1', '1'])                                                                    = HeapStart + 0x20c00
os_free (['HeapStart + 0x20018'])                                                         = <void>
os_calloc (['3000', '1'])                                                                 = HeapStart + 0x20018
os_free (['HeapStart + 0x20c00'])                                                         = <void>
os_calloc (['1', '1'])                                                                    = HeapStart + 0x20c00
os_free (['HeapStart + 0x20018'])                                                         = <void>
os_calloc (['2999', '1'])                                                                 = HeapStart + 0x20018
os_free (['HeapStart + 0x20c00'])                                                         = <void>
os_calloc (['1', '1'])                                                                    = HeapStart + 0x20c00
os_free (['HeapStart + 0x20018'])                                                         = <void>
os_calloc (['2998', '1'])                                                                 = HeapStart + 0x20018
os_free (['HeapStart + 0x20c00'])                                                         = <void>
os_calloc (['1', '1'])                                                                    = HeapStart + 0x20c00
os_free (['HeapStart + 0x20018'])                                                         = <void>
os_calloc (['2997', '1'])                                                                 = HeapStart + 0x20018
os_free (['HeapStart + 0x20c00'])                                                         = <void>
os_calloc (['1', '1'])                                                                    = HeapStart + 0x20c00
os_free (['HeapStart + 0x20018'])                                                         = <void>
os_calloc (['2996', '1'])                                                                 = HeapStart + 0x20018
os_free (['HeapStart + 0x20c00'])                                                         = <void>
os_calloc (['1', '1'])                                                                    = HeapStart + 0x20c00
os_free (['HeapStart + 0x20018'])                                                         = <void>
os_calloc (['2995', '1'])                                                                 = HeapStart + 0x20018
os_free (['HeapStart + 0x20c00'])                                                         = <void>
os_calloc (['1', '1'])                                                                    = HeapStart + 0x20c00
os_free (['HeapStart + 0x20018'])                                                         = <void>
os_calloc (['2994', '1'])                                                                 = HeapStart + 0x20018
os_free (['HeapStart + 0x20c00'])                                                         = <void>
os_calloc (['1', '1'])                                                                    = HeapStart + 0x20c00
os_free (['HeapStart + 0x20018'])                                                         = <void>
os_calloc (['2993', '1'])                                                                 = HeapStart + 0x20018
os_free (['HeapStart + 0x20c00'])                                                         = <void>
os_calloc (['1', '1'])                                                                    = HeapStart + 0x20c00
os_free (['HeapStart + 0x20018'])                                                         = <void>
os_calloc (['2992', '1'])                                                                 = HeapStart + 0x20018
os_free (['HeapStart + 0x20c00'])                                                         = <void>
os_calloc (['1', '1'])                                                                    = HeapStart + 0x20be0
os_free (['HeapStart + 0x20018'])                                                         = <void>
os_free (['HeapStart + 0x20be0'])                                                         = <void>
os_free (['HeapStart + 0x18'])                                                            = <void>
+++ exited (status 0) +++
