os_malloc (['131032'])                                                                    = HeapStart + 0x20
  brk (['0'])                                                                             = HeapStart + 0x0
  brk (['HeapStart + 0x20000'])                                                           = HeapStart + 0x20000
os_malloc (['10'])                                                                        = HeapStart + 0x20020
  brk (['HeapStart + 0x20030'])                                                           = HeapStart + 0x20030
os_malloc (['25'])                                                                        = HeapStart + 0x20050
  brk (['HeapStart + 0x20070'])                                                           = HeapStart + 0x20070
os_malloc (['40'])                                                                        = HeapStart + 0x20090
  brk (['HeapStart + 0x200b8'])                                                           = HeapStart + 0x200b8
os_malloc (['80'])                                                                        = HeapStart + 0x200d8
  brk (['HeapStart + 0x20128'])                                                           = HeapStart + 0x20128
os_malloc (['160'])                                                                       = HeapStart + 0x20148
  brk (['HeapStart + 0x201e8'])                                                           = HeapStart + 0x201e8
os_malloc (['350'])                                                                       = HeapStart + 0x20208
  brk (['HeapStart + 0x20368'])                                                           = HeapStart + 0x20368
os_malloc (['421'])                                                                       = HeapStart + 0x20388
  brk (['HeapStart + 0x20530'])                                                           = HeapStart + 0x20530
os_malloc (['633'])                                                                       = HeapStart + 0x20550
  brk (['HeapStart + 0x207d0'])                                                           = HeapStart + 0x207d0
os_malloc (['1000'])                                                                      = HeapStart + 0x207f0
  brk (['HeapStart + 0x20bd8'])                                                           = HeapStart + 0x20bd8
os_malloc (['2024'])                                                                      = HeapStart + 0x20bf8
  brk (['HeapStart + 0x213e0'])                                                           = HeapStart + 0x213e0
os_malloc (['4000'])                                                                      = HeapStart + 0x21400
  brk (['HeapStart + 0x223a0'])                                                           = HeapStart + 0x223a0
os_malloc (['4023'])                                                                      = HeapStart + 0x223c0
  brk (['HeapStart + 0x23378'])                                                           = HeapStart + 0x23378
os_malloc (['2173'])                                                                      = HeapStart + 0x23398
  brk (['HeapStart + 0x23c18'])                                                           = HeapStart + 0x23c18
os_malloc (['1077'])                                                                      = HeapStart + 0x23c38
  brk (['HeapStart + 0x24070'])                                                           = HeapStart + 0x24070
os_malloc (['653'])                                                                       = HeapStart + 0x24090
  brk (['HeapStart + 0x24320'])                                                           = HeapStart + 0x24320
os_malloc (['438'])                                                                       = HeapStart + 0x24340
  brk (['HeapStart + 0x244f8'])                                                           = HeapStart + 0x244f8
os_malloc (['342'])                                                                       = HeapStart + 0x24518
  brk (['HeapStart + 0x24670'])                                                           = HeapStart + 0x24670
os_malloc (['160'])                                                                       = HeapStart + 0x24690
  brk (['HeapStart + 0x24730'])                                                           = HeapStart + 0x24730
os_malloc (['82'])                                                                        = HeapStart + 0x24750
  brk (['HeapStart + 0x247a8'])                                                           = HeapStart + 0x247a8
os_malloc (['44'])                                                                        = HeapStart + 0x247c8
  brk (['HeapStart + 0x247f8'])                                                           = HeapStart + 0x247f8
os_malloc (['25'])                                                                        = HeapStart + 0x24818
  brk (['HeapStart + 0x24838'])                                                           = HeapStart + 0x24838
os_malloc (['10'])                                                                        = HeapStart + 0x24858
  brk (['HeapStart + 0x24868'])                                                           = HeapStart + 0x24868
os_malloc (['1934'])                                                                      = HeapStart + 0x24888
  brk (['HeapStart + 0x25018'])                                                           = HeapStart + 0x25018
os_malloc (['3654'])                                                                      = HeapStart + 0x25038
  brk (['HeapStart + 0x25e80'])                                                           = HeapStart + 0x25e80
os_malloc (['23'])                                                                        = HeapStart + 0x25ea0
  brk (['HeapStart + 0x25eb8'])                                                           = HeapStart + 0x25eb8
os_malloc (['432'])                                                                       = HeapStart + 0x25ed8
  brk (['HeapStart + 0x26088'])                                                           = HeapStart + 0x26088
os_malloc (['824'])                                                                       = HeapStart + 0x260a8
  brk (['HeapStart + 0x263e0'])                                                           = HeapStart + 0x263e0
os_malloc (['12'])                                                                        = HeapStart + 0x26400
  brk (['HeapStart + 0x26410'])                                                           = HeapStart + 0x26410
os_malloc (['2631'])                                                                      = HeapStart + 0x26430
  brk (['HeapStart + 0x26e78'])                                                           = HeapStart + 0x26e78
os_malloc (['827'])                                                                       = HeapStart + 0x26e98
  brk (['HeapStart + 0x271d8'])                                                           = HeapStart + 0x271d8
os_malloc (['375'])                                                                       = HeapStart + 0x271f8
  brk (['HeapStart + 0x27370'])                                                           = HeapStart + 0x27370
os_malloc (['30'])                                                                        = HeapStart + 0x27390
  brk (['HeapStart + 0x273b0'])                                                           = HeapStart + 0x273b0
os_malloc (['26'])                                                                        = HeapStart + 0x273d0
  brk (['HeapStart + 0x273f0'])                                                           = HeapStart + 0x273f0
os_malloc (['5120'])                                                                      = HeapStart + 0x27410
  brk (['HeapStart + 0x28810'])                                                           = HeapStart + 0x28810
os_malloc (['47249'])                                                                     = HeapStart + 0x28830
  brk (['HeapStart + 0x340c8'])                                                           = HeapStart + 0x340c8
os_malloc (['103132'])                                                                    = HeapStart + 0x340e8
  brk (['HeapStart + 0x4d3c8'])                                                           = HeapStart + 0x4d3c8
os_malloc (['204800'])                                                                    = <mapped-addr1> + 0x20
  mmap (['0', '204832', 'PROT_READ | PROT_WRITE', 'MAP_PRIVATE | MAP_ANON', '-1', '0'])   = <mapped-addr1>
os_malloc (['541894'])                                                                    = <mapped-addr2> + 0x20
  mmap (['0', '541928', 'PROT_READ | PROT_WRITE', 'MAP_PRIVATE | MAP_ANON', '-1', '0'])   = <mapped-addr2>
os_malloc (['1027754'])                                                                   = <mapped-addr3> + 0x20
  mmap (['0', '1027792', 'PROT_READ | PROT_WRITE', 'MAP_PRIVATE | MAP_ANON', '-1', '0'])  = <mapped-addr3>
os_malloc (['204800'])                                                                    = <mapped-addr4> + 0x20
  mmap (['0', '204832', 'PROT_READ | PROT_WRITE', 'MAP_PRIVATE | MAP_ANON', '-1', '0'])   = <mapped-addr4>
os_malloc (['543942'])                                                                    = <mapped-addr5> + 0x20
  mmap (['0', '543976', 'PROT_READ | PROT_WRITE', 'MAP_PRIVATE | MAP_ANON', '-1', '0'])   = <mapped-addr5>
os_malloc (['1048576'])                                                                   = <mapped-addr6> + 0x20
  mmap (['0', '1048608', 'PROT_READ | PROT_WRITE', 'MAP_PRIVATE | MAP_ANON', '-1', '0'])  = <mapped-addr6>
os_malloc (['5394606'])                                                                   = <mapped-addr7> + 0x20
  mmap (['0', '5394640', 'PROT_READ | PROT_WRITE', 'MAP_PRIVATE | MAP_ANON', '-1', '0'])  = <mapped-addr7>
os_free (['HeapStart + 0x20'])                                                            = <void>
os_free (['HeapStart + 0x20020'])                                                         = <void>
os_free (['HeapStart + 0x223c0'])                                                         = <void>
os_free (['HeapStart + 0x24888'])                                                         = <void>
os_free (['HeapStart + 0x20050'])                                                         = <void>
os_free (['HeapStart + 0x23398'])                                                         = <void>
os_free (['HeapStart + 0x25038'])                                                         = <void>
os_free (['HeapStart + 0x20090'])                                                         = <void>
os_free (['HeapStart + 0x23c38'])                                                         = <void>
os_free (['HeapStart + 0x25ea0'])                                                         = <void>
os_free (['HeapStart + 0x200d8'])                                                         = <void>
os_free (['HeapStart + 0x24090'])                                                         = <void>
os_free (['HeapStart + 0x25ed8'])                                                         = <void>
os_free (['HeapStart + 0x20148'])                                                         = <void>
os_free (['HeapStart + 0x24340'])                                                         = <void>
os_free (['HeapStart + 0x260a8'])                                                         = <void>
os_free (['HeapStart + 0x20208'])                                                         = <void>
os_free (['HeapStart + 0x24518'])                                                         = <void>
os_free (['HeapStart + 0x26400'])                                                         = <void>
os_free (['HeapStart + 0x20388'])                                                         = <void>
os_free (['HeapStart + 0x24690'])                                                         = <void>
os_free (['HeapStart + 0x26430'])                                                         = <void>
os_free (['HeapStart + 0x20550'])                                                         = <void>
os_free (['HeapStart + 0x24750'])                                                         = <void>
os_free (['HeapStart + 0x26e98'])                                                         = <void>
os_free (['HeapStart + 0x207f0'])                                                         = <void>
os_free (['HeapStart + 0x247c8'])                                                         = <void>
os_free (['HeapStart + 0x271f8'])                                                         = <void>
os_free (['HeapStart + 0x20bf8'])                                                         = <void>
os_free (['HeapStart + 0x24818'])                                                         = <void>
os_free (['HeapStart + 0x27390'])                                                         = <void>
os_free (['HeapStart + 0x21400'])                                                         = <void>
os_free (['HeapStart + 0x24858'])                                                         = <void>
os_free (['HeapStart + 0x273d0'])                                                         = <void>
os_free (['HeapStart + 0x27410'])                                                         = <void>
os_free (['HeapStart + 0x28830'])                                                         = <void>
os_free (['HeapStart + 0x340e8'])                                                         = <void>
os_free (['<mapped-addr1> + 0x20'])                                                       = <void>
  munmap (['<mapped-addr1>', '204832'])                                                   = 0
os_free (['<mapped-addr2> + 0x20'])                                                       = <void>
  munmap (['<mapped-addr2>', '541928'])                                                   = 0
os_free (['<mapped-addr3> + 0x20'])                                                       = <void>
  munmap (['<mapped-addr3>', '1027792'])                                                  = 0
os_free (['<mapped-addr4> + 0x20'])                                                       = <void>
  munmap (['<mapped-addr4>', '204832'])                                                   = 0
os_free (['<mapped-addr5> + 0x20'])                                                       = <void>
  munmap (['<mapped-addr5>', '543976'])                                                   = 0
os_free (['<mapped-addr6> + 0x20'])                                                       = <void>
  munmap (['<mapped-addr6>', '1048608'])                                                  = 0
os_free (['<mapped-addr7> + 0x20'])                                                       = <void>
  munmap (['<mapped-addr7>', '5394640'])                                                  = 0
+++ exited (status 0) +++
