os_malloc (['131032'])                                                                    = HeapStart + 0x20
  brk (['0'])                                                                             = HeapStart + 0x0
  brk (['HeapStart + 0x20000'])                                                           = HeapStart + 0x20000
os_malloc (['7120'])                                                                      = HeapStart + 0x20020
  brk (['HeapStart + 0x21bf0'])                                                           = HeapStart + 0x21bf0
os_malloc (['1'])                                                                         = HeapStart + 0x21c10
  brk (['HeapStart + 0x21c18'])                                                           = HeapStart + 0x21c18
os_free (['HeapStart + 0x20020'])                                                         = <void>
os_malloc (['7120'])                                                                      = HeapStart + 0x20020
os_free (['HeapStart + 0x21c10'])                                                         = <void>
os_malloc (['1'])                                                                         = HeapStart + 0x21c10
os_free (['HeapStart + 0x20020'])                                                         = <void>
os_malloc (['7119'])                                                                      = HeapStart + 0x20020
os_free (['HeapStart + 0x21c10'])                                                         = <void>
os_malloc (['1'])                                                                         = HeapStart + 0x21c10
os_free (['HeapStart + 0x20020'])                                                         = <void>
os_malloc (['7118'])                                                                      = HeapStart + 0x20020
os_free (['HeapStart + 0x21c10'])                                                         = <void>
os_malloc (['1'])                                                                         = HeapStart + 0x21c10
os_free (['HeapStart + 0x20020'])                                                         = <void>
os_malloc (['7117'])                                                                      = HeapStart + 0x20020
os_free (['HeapStart + 0x21c10'])                                                         = <void>
os_malloc (['1'])                                                                         = HeapStart + 0x21c10
os_free (['HeapStart + 0x20020'])                                                         = <void>
os_malloc (['7116'])                                                                      = HeapStart + 0x20020
os_free (['HeapStart + 0x21c10'])                                                         = <void>
os_malloc (['1'])                                                                         = HeapStart + 0x21c10
os_free (['HeapStart + 0x20020'])                                                         = <void>
os_malloc (['7115'])                                                                      = HeapStart + 0x20020
os_free (['HeapStart + 0x21c10'])                                                         = <void>
os_malloc (['1'])                                                                         = HeapStart + 0x21c10
os_free (['HeapStart + 0x20020'])                                                         = <void>
os_malloc (['7114'])                                                                      = HeapStart + 0x20020
os_free (['HeapStart + 0x21c10'])                                                         = <void>
os_malloc (['1'])                                                                         = HeapStart + 0x21c10
os_free (['HeapStart + 0x20020'])                                                         = <void>
os_malloc (['7113'])                                                                      = HeapStart + 0x20020
os_free (['HeapStart + 0x21c10'])                                                         = <void>
os_malloc (['1'])                                                                         = HeapStart + 0x21c10
os_free (['HeapStart + 0x20020'])                                                         = <void>
os_malloc (['7112'])                                                                      = HeapStart + 0x20020
os_free (['HeapStart + 0x21c10'])                                                         = <void>
os_malloc (['1'])                                                                         = HeapStart + 0x21c10
os_free (['HeapStart + 0x20020'])                                                         = <void>
os_malloc (['7111'])                                                                      = HeapStart + 0x20020
os_free (['HeapStart + 0x21c10'])                                                         = <void>
os_malloc (['1'])                                                                         = HeapStart + 0x21c10
os_free (['HeapStart + 0x20020'])                                                         = <void>
os_malloc (['7110'])                                                                      = HeapStart + 0x20020
os_free (['HeapStart + 0x21c10'])                                                         = <void>
os_malloc (['1'])                                                                         = HeapStart + 0x21c10
os_free (['HeapStart + 0x20020'])                                                         = <void>
os_malloc (['7109'])                                                                      = HeapStart + 0x20020
os_free (['HeapStart + 0x21c10'])                                                         = <void>
os_malloc (['1'])                                                                         = HeapStart + 0x21c10
os_free (['HeapStart + 0x20020'])                                                         = <void>
os_malloc (['7108'])                                                                      = HeapStart + 0x20020
os_free (['HeapStart + 0x21c10'])                                                         = <void>
os_malloc (['1'])                                                                         = HeapStart + 0x21c10
os_free (['HeapStart + 0x20020'])                                                         = <void>
os_malloc (['7107'])                                                                      = HeapStart + 0x20020
os_free (['HeapStart + 0x21c10'])                                                         = <void>
os_malloc (['1'])                                                                         = HeapStart + 0x21c10
os_free (['HeapStart + 0x20020'])                                                         = <void>
os_malloc (['7106'])                                                                      = HeapStart + 0x20020
os_free (['HeapStart + 0x21c10'])                                                         = <void>
os_malloc (['1'])                                                                         = HeapStart + 0x21c10
os_free (['HeapStart + 0x20020'])                                                         = <void>
os_malloc (['7105'])                                                                      = HeapStart + 0x20020
os_free (['HeapStart + 0x21c10'])                                                         = <void>
os_malloc (['1'])                                                                         = HeapStart + 0x21c10
os_free (['HeapStart + 0x20020'])                                                         = <void>
os_malloc (['7104'])                                                                      = HeapStart + 0x20020
os_free (['HeapStart + 0x21c10'])                                                         = <void>
os_malloc (['1'])                                                                         = HeapStart + 0x21c10
os_free (['HeapStart + 0x20020'])                                                         = <void>
os_malloc (['7103'])                                                                      = HeapStart + 0x20020
os_free (['HeapStart + 0x21c10'])                                                         = <void>
os_malloc (['1'])                                                                         = HeapStart + 0x21c10
os_free (['HeapStart + 0x20020'])                                                         = <void>
os_malloc (['7102'])                                                                      = HeapStart + 0x20020
os_free (['HeapStart + 0x21c10'])                                                         = <void>
os_malloc (['1'])                                                                         = HeapStart + 0x21c10
os_free (['HeapStart + 0x20020'])                                                         = <void>
os_malloc (['7101'])                                                                      = HeapStart + 0x20020
os_free (['HeapStart + 0x21c10'])                                                         = <void>
os_malloc (['1'])                                                                         = HeapStart + 0x21c10
os_free (['HeapStart + 0x20020'])                                                         = <void>
os_malloc (['7100'])                                                                      = HeapStart + 0x20020
os_free (['HeapStart + 0x21c10'])                                                         = <void>
os_malloc (['1'])                                                                         = HeapStart + 0x21c10
os_free (['HeapStart + 0x20020'])                                                         = <void>
os_malloc (['7099'])                                                                      = HeapStart + 0x20020
os_free (['HeapStart + 0x21c10'])                                                         = <void>
os_malloc (['1'])                                                                         = HeapStart + 0x21c10
os_free (['HeapStart + 0x20020'])                                                         = <void>
os_malloc (['7098'])                                                                      = HeapStart + 0x20020
os_free (['HeapStart + 0x21c10'])                                                         = <void>
os_malloc (['1'])                                                                         = HeapStart + 0x21c10
os_free (['HeapStart + 0x20020'])                                                         = <void>
os_malloc (['7097'])                                                                      = HeapStart + 0x20020
os_free (['HeapStart + 0x21c10'])                                                         = <void>
os_malloc (['1'])                                                                         = HeapStart + 0x21c10
os_free (['HeapStart + 0x20020'])                                                         = <void>
os_malloc (['7096'])                                                                      = HeapStart + 0x20020
os_free (['HeapStart + 0x21c10'])                                                         = <void>
os_malloc (['1'])                                                                         = HeapStart + 0x21c10
os_free (['HeapStart + 0x20020'])                                                         = <void>
os_malloc (['7095'])                                                                      = HeapStart + 0x20020
os_free (['HeapStart + 0x21c10'])                                                         = <void>
os_malloc (['1'])                                                                         = HeapStart + 0x21c10
os_free (['HeapStart + 0x20020'])                                                         = <void>
os_malloc (['7094'])                                                                      = HeapStart + 0x20020
os_free (['HeapStart + 0x21c10'])                                                         = <void>
os_malloc (['1'])                                                                         = HeapStart + 0x21c10
os_free (['HeapStart + 0x20020'])                                                         = <void>
os_malloc (['7093'])                                                                      = HeapStart + 0x20020
os_free (['HeapStart + 0x21c10'])                                                         = <void>
os_malloc (['1'])                                                                         = HeapStart + 0x21c10
os_free (['HeapStart + 0x20020'])                                                         = <void>
os_malloc (['7092'])                                                                      = HeapStart + 0x20020
os_free (['HeapStart + 0x21c10'])                                                         = <void>
os_malloc (['1'])                                                                         = HeapStart + 0x21c10
os_free (['HeapStart + 0x20020'])                                                         = <void>
os_malloc (['7091'])                                                                      = HeapStart + 0x20020
os_free (['HeapStart + 0x21c10'])                                                         = <void>
os_malloc (['1'])                                                                         = HeapStart + 0x21c10
os_free (['HeapStart + 0x20020'])                                                         = <void>
os_malloc (['7090'])                                                                      = HeapStart + 0x20020
os_free (['HeapStart + 0x21c10'])                                                         = <void>
os_malloc (['1'])                                                                         = HeapStart + 0x21c10
os_free (['HeapStart + 0x20020'])                                                         = <void>
os_malloc (['7089'])                                                                      = HeapStart + 0x20020
os_free (['HeapStart + 0x21c10'])                                                         = <void>
os_malloc (['1'])                                                                         = HeapStart + 0x21c10
os_free (['HeapStart + 0x20020'])                                                         = <void>
os_malloc (['7088'])                                                                      = HeapStart + 0x20020
os_free (['HeapStart + 0x21c10'])                                                         = <void>
os_malloc (['1'])                                                                         = HeapStart + 0x21c10
os_free (['HeapStart + 0x20020'])                                                         = <void>
os_malloc (['7087'])                                                                      = HeapStart + 0x20020
os_free (['HeapStart + 0x21c10'])                                                         = <void>
os_malloc (['1'])                                                                         = HeapStart + 0x21c10
os_free (['HeapStart + 0x20020'])                                                         = <void>
os_malloc (['7086'])                                                                      = HeapStart + 0x20020
os_free (['HeapStart + 0x21c10'])                                                         = <void>
os_malloc (['1'])                                                                         = HeapStart + 0x21c10
os_free (['HeapStart + 0x20020'])                                                         = <void>
os_malloc (['7085'])                                                                      = HeapStart + 0x20020
os_free (['HeapStart + 0x21c10'])                                                         = <void>
os_malloc (['1'])                                                                         = HeapStart + 0x21c10
os_free (['HeapStart + 0x20020'])                                                         = <void>
os_malloc (['7084'])                                                                      = HeapStart + 0x20020
os_free (['HeapStart + 0x21c10'])                                                         = <void>
os_malloc (['1'])                                                                         = HeapStart + 0x21c10
os_free (['HeapStart + 0x20020'])                                                         = <void>
os_malloc (['7083'])                                                                      = HeapStart + 0x20020
os_free (['HeapStart + 0x21c10'])                                                         = <void>
os_malloc (['1'])                                                                         = HeapStart + 0x21c10
os_free (['HeapStart + 0x20020'])                                                         = <void>
os_malloc (['7082'])                                                                      = HeapStart + 0x20020
os_free (['HeapStart + 0x21c10'])                                                         = <void>
os_malloc (['1'])                                                                         = HeapStart + 0x21c10
os_free (['HeapStart + 0x20020'])                                                         = <void>
os_malloc (['7081'])                                                                      = HeapStart + 0x20020
os_free (['HeapStart + 0x21c10'])                                                         = <void>
os_malloc (['1'])                                                                         = HeapStart + 0x21c10
os_free (['HeapStart + 0x20020'])                                                         = <void>
os_malloc (['7080'])                                                                      = HeapStart + 0x20020
os_free (['HeapStart + 0x21c10'])                                                         = <void>
os_malloc (['1'])                                                                         = HeapStart + 0x21be8
os_free (['HeapStart + 0x20020'])                                                         = <void>
os_free (['HeapStart + 0x21be8'])                                                         = <void>
os_free (['HeapStart + 0x20'])                                                            = <void>
+++ exited (status 0) +++
