os_malloc (['131032'])                                                                    = HeapStart + 0x20
  brk (['0'])                                                                             = HeapStart + 0x0
  brk (['HeapStart + 0x20000'])                                                           = HeapStart + 0x20000
os_calloc (['1', '1000'])                                                                 = HeapStart + 0x20020
  brk (['HeapStart + 0x20408'])                                                           = HeapStart + 0x20408
os_calloc (['1', '2000'])                                                                 = HeapStart + 0x20428
  brk (['HeapStart + 0x20bf8'])                                                           = HeapStart + 0x20bf8
os_calloc (['1', '4000'])                                                                 = HeapStart + 0x20c18
  brk (['HeapStart + 0x21bb8'])                                                           = HeapStart + 0x21bb8
os_free (['HeapStart + 0x20c18'])                                                         = <void>
os_calloc (['1', '2000'])                                                                 = HeapStart + 0x20c18
os_calloc (['1', '1000'])                                                                 = HeapStart + 0x21408
os_calloc (['1', '500'])                                                                  = HeapStart + 0x21810
os_calloc (['1', '250'])                                                                  = HeapStart + 0x21a28
os_calloc (['1', '125'])                                                                  = HeapStart + 0x21b48
  brk (['HeapStart + 0x21bc8'])                                                           = HeapStart + 0x21bc8
os_free (['HeapStart + 0x20'])                                                            = <void>
os_free (['HeapStart + 0x20020'])                                                         = <void>
os_free (['HeapStart + 0x20428'])                                                         = <void>
os_free (['HeapStart + 0x20c18'])                                                         = <void>
os_free (['HeapStart + 0x21408'])                                                         = <void>
os_free (['HeapStart + 0x21810'])                                                         = <void>
os_free (['HeapStart + 0x21a28'])                                                         = <void>
os_free (['HeapStart + 0x21b48'])                                                         = <void>
+++ exited (status 0) +++
