os_malloc (['131040'])                                                                    = HeapStart + 0x18
  brk (['0'])                                                                             = HeapStart + 0x0
  brk (['HeapStart + 0x20000'])                                                           = HeapStart + 0x20000
os_realloc (['0', '1000'])                                                                = HeapStart + 0x20018
  brk (['HeapStart + 0x20400'])                                                           = HeapStart + 0x20400
os_realloc (['0', '1000'])                                                                = HeapStart + 0x20418
  brk (['HeapStart + 0x20800'])                                                           = HeapStart + 0x20800
os_realloc (['0', '1000'])                                                                = HeapStart + 0x20818
  brk (['HeapStart + 0x20c00'])                                                           = HeapStart + 0x20c00
os_free (['HeapStart + 0x18'])                                                            = <void>
os_realloc (['0', '65536'])                                                               = HeapStart + 0x18
os_realloc (['0', '32768'])                                                               = HeapStart + 0x10030
os_realloc (['0', '16384'])                                                               = HeapStart + 0x18048
os_realloc (['0', '8192'])                                                                = HeapStart + 0x1c060
os_realloc (['0', '4096'])                                                                = HeapStart + 0x1e078
os_realloc (['0', '2048'])                                                                = HeapStart + 0x1f090
os_realloc (['0', '1024'])                                                                = HeapStart + 0x1f8a8
os_realloc (['0', '512'])                                                                 = HeapStart + 0x1fcc0
os_realloc (['0', '256'])                                                                 = HeapStart + 0x1fed8
os_realloc (['HeapStart + 0x18', '0'])                                                    = 0
os_realloc (['HeapStart + 0x18048', '32798'])                                             = HeapStart + 0x18
os_realloc (['HeapStart + 0x1c060', '16414'])                                             = HeapStart + 0x8050
os_realloc (['HeapStart + 0x1e078', '8222'])                                              = HeapStart + 0xc088
os_realloc (['HeapStart + 0x1f090', '4126'])                                              = HeapStart + 0xe0c0
os_realloc (['HeapStart + 0x1f8a8', '2078'])                                              = HeapStart + 0xf0f8
os_realloc (['HeapStart + 0x1fcc0', '1054'])                                              = HeapStart + 0xf930
os_realloc (['HeapStart + 0x1fed8', '542'])                                               = HeapStart + 0xfd68
os_free (['0'])                                                                           = <void>
os_free (['HeapStart + 0x10030'])                                                         = <void>
os_free (['HeapStart + 0x18'])                                                            = <void>
os_free (['HeapStart + 0x8050'])                                                          = <void>
os_free (['HeapStart + 0xc088'])                                                          = <void>
os_free (['HeapStart + 0xe0c0'])                                                          = <void>
os_free (['HeapStart + 0xf0f8'])                                                          = <void>
os_free (['HeapStart + 0xf930'])                                                          = <void>
os_free (['HeapStart + 0xfd68'])                                                          = <void>
os_free (['HeapStart + 0x20018'])                                                         = <void>
os_free (['HeapStart + 0x20418'])                                                         = <void>
os_free (['HeapStart + 0x20818'])                                                         = <void>
+++ exited (status 0) +++
