os_malloc (['131040'])                                                                    = HeapStart + 0x18
  brk (['0'])                                                                             = HeapStart + 0x0
  brk (['HeapStart + 0x20000'])                                                           = HeapStart + 0x20000
os_calloc (['1', '10'])                                                                   = HeapStart + 0x20018
  brk (['HeapStart + 0x20028'])                                                           = HeapStart + 0x20028
os_calloc (['1', '25'])                                                                   = HeapStart + 0x20040
  brk (['HeapStart + 0x20060'])                                                           = HeapStart + 0x20060
os_calloc (['1', '40'])                                                                   = HeapStart + 0x20078
  brk (['HeapStart + 0x200a0'])                                                           = HeapStart + 0x200a0
os_calloc (['1', '80'])                                                                   = HeapStart + 0x200b8
  brk (['HeapStart + 0x20108'])                                                           = HeapStart + 0x20108
os_calloc (['1', '160'])                                                                  = HeapStart + 0x20120
  brk (['HeapStart + 0x201c0'])                                                           = HeapStart + 0x201c0
os_calloc (['1', '350'])                                                                  = HeapStart + 0x201d8
  brk (['HeapStart + 0x20338'])                                                           = HeapStart + 0x20338
os_calloc (['1', '421'])                                                                  = HeapStart + 0x20350
  brk (['HeapStart + 0x204f8'])                                                           = HeapStart + 0x204f8
os_calloc (['1', '633'])                                                                  = HeapStart + 0x20510
  brk (['HeapStart + 0x20790'])                                                           = HeapStart + 0x20790
os_calloc (['1', '1000'])                                                                 = HeapStart + 0x207a8
  brk (['HeapStart + 0x20b90'])                                                           = HeapStart + 0x20b90
os_calloc (['1', '2024'])                                                                 = HeapStart + 0x20ba8
  brk (['HeapStart + 0x21390'])                                                           = HeapStart + 0x21390
os_calloc (['1', '4000'])                                                                 = HeapStart + 0x213a8
  brk (['HeapStart + 0x22348'])                                                           = HeapStart + 0x22348
os_calloc (['1', '4023'])                                                                 = HeapStart + 0x22360
  brk (['HeapStart + 0x23318'])                                                           = HeapStart + 0x23318
os_calloc (['1', '2173'])                                                                 = HeapStart + 0x23330
  brk (['HeapStart + 0x23bb0'])                                                           = HeapStart + 0x23bb0
os_calloc (['1', '1077'])                                                                 = HeapStart + 0x23bc8
  brk (['HeapStart + 0x24000'])                                                           = HeapStart + 0x24000
os_calloc (['1', '653'])                                                                  = HeapStart + 0x24018
  brk (['HeapStart + 0x242a8'])                                                           = HeapStart + 0x242a8
os_calloc (['1', '438'])                                                                  = HeapStart + 0x242c0
  brk (['HeapStart + 0x24478'])                                                           = HeapStart + 0x24478
os_calloc (['1', '342'])                                                                  = HeapStart + 0x24490
  brk (['HeapStart + 0x245e8'])                                                           = HeapStart + 0x245e8
os_calloc (['1', '160'])                                                                  = HeapStart + 0x24600
  brk (['HeapStart + 0x246a0'])                                                           = HeapStart + 0x246a0
os_calloc (['1', '82'])                                                                   = HeapStart + 0x246b8
  brk (['HeapStart + 0x24710'])                                                           = HeapStart + 0x24710
os_calloc (['1', '44'])                                                                   = HeapStart + 0x24728
  brk (['HeapStart + 0x24758'])                                                           = HeapStart + 0x24758
os_calloc (['1', '25'])                                                                   = HeapStart + 0x24770
  brk (['HeapStart + 0x24790'])                                                           = HeapStart + 0x24790
os_calloc (['1', '10'])                                                                   = HeapStart + 0x247a8
  brk (['HeapStart + 0x247b8'])                                                           = HeapStart + 0x247b8
os_calloc (['1', '1934'])                                                                 = HeapStart + 0x247d0
  brk (['HeapStart + 0x24f60'])                                                           = HeapStart + 0x24f60
os_calloc (['1', '3654'])                                                                 = HeapStart + 0x24f78
  brk (['HeapStart + 0x25dc0'])                                                           = HeapStart + 0x25dc0
os_calloc (['1', '23'])                                                                   = HeapStart + 0x25dd8
  brk (['HeapStart + 0x25df0'])                                                           = HeapStart + 0x25df0
os_calloc (['1', '432'])                                                                  = HeapStart + 0x25e08
  brk (['HeapStart + 0x25fb8'])                                                           = HeapStart + 0x25fb8
os_calloc (['1', '824'])                                                                  = HeapStart + 0x25fd0
  brk (['HeapStart + 0x26308'])                                                           = HeapStart + 0x26308
os_calloc (['1', '12'])                                                                   = HeapStart + 0x26320
  brk (['HeapStart + 0x26330'])                                                           = HeapStart + 0x26330
os_calloc (['1', '2631'])                                                                 = HeapStart + 0x26348
  brk (['HeapStart + 0x26d90'])                                                           = HeapStart + 0x26d90
os_calloc (['1', '827'])                                                                  = HeapStart + 0x26da8
  brk (['HeapStart + 0x270e8'])                                                           = HeapStart + 0x270e8
os_calloc (['1', '375'])                                                                  = HeapStart + 0x27100
  brk (['HeapStart + 0x27278'])                                                           = HeapStart + 0x27278
os_calloc (['1', '30'])                                                                   = HeapStart + 0x27290
  brk (['HeapStart + 0x272b0'])                                                           = HeapStart + 0x272b0
os_calloc (['1', '26'])                                                                   = HeapStart + 0x272c8
  brk (['HeapStart + 0x272e8'])                                                           = HeapStart + 0x272e8
os_calloc (['1', '5120'])                                                                 = <mapped-addr1> + 0x18
  mmap (['0', '5144', 'PROT_READ | PROT_WRITE', 'MAP_PRIVATE | MAP_ANON', '-1', '0'])     = <mapped-addr1>
os_calloc (['1', '47249'])                                                                = <mapped-addr2> + 0x18
  mmap (['0', '47280', 'PROT_READ | PROT_WRITE', 'MAP_PRIVATE | MAP_ANON', '-1', '0'])    = <mapped-addr2>
os_calloc (['1', '103132'])                                                               = <mapped-addr3> + 0x18
  mmap (['0', '103160', 'PROT_READ | PROT_WRITE', 'MAP_PRIVATE | MAP_ANON', '-1', '0'])   = <mapped-addr3>
os_calloc (['1', '204800'])                                                               = <mapped-addr4> + 0x18
  mmap (['0', '204824', 'PROT_READ | PROT_WRITE', 'MAP_PRIVATE | MAP_ANON', '-1', '0'])   = <mapped-addr4>
os_calloc (['1', '541894'])                                                               = <mapped-addr5> + 0x18
  mmap (['0', '541920', 'PROT_READ | PROT_WRITE', 'MAP_PRIVATE | MAP_ANON', '-1', '0'])   = <mapped-addr5>
os_calloc (['1', '1027754'])                                                              = <mapped-addr6> + 0x18
  mmap (['0', '1027784', 'PROT_READ | PROT_WRITE', 'MAP_PRIVATE | MAP_ANON', '-1', '0'])  = <mapped-addr6>
os_calloc (['1', '204800'])                                                               = <mapped-addr7> + 0x18
  mmap (['0', '204824', 'PROT_READ | PROT_WRITE', 'MAP_PRIVATE | MAP_ANON', '-1', '0'])   = <mapped-addr7>
os_calloc (['1', '543942'])                                                               = <mapped-addr8> + 0x18
  mmap (['0', '543968', 'PROT_READ | PROT_WRITE', 'MAP_PRIVATE | MAP_ANON', '-1', '0'])   = <mapped-addr8>
os_calloc (['1', '1048576'])                                                              = <mapped-addr9> + 0x18
  mmap (['0', '1048600', 'PROT_READ | PROT_WRITE', 'MAP_PRIVATE | MAP_ANON', '-1', '0'])  = <mapped-addr9>
os_calloc (['1', '5394606'])                                                              = <mapped-addr10> + 0x18
  mmap (['0', '5394632', 'PROT_READ | PROT_WRITE', 'MAP_PRIVATE | MAP_ANON', '-1', '0'])  = <mapped-addr10>
os_free (['HeapStart + 0x18'])                                                            = <void>
os_free (['HeapStart + 0x20018'])                                                         = <void>
os_free (['HeapStart + 0x22360'])                                                         = <void>
os_free (['HeapStart + 0x247d0'])                                                         = <void>
os_free (['HeapStart + 0x20040'])                                                         = <void>
os_free (['HeapStart + 0x23330'])                                                         = <void>
os_free (['HeapStart + 0x24f78'])                                                         = <void>
os_free (['HeapStart + 0x20078'])                                                         = <void>
os_free (['HeapStart + 0x23bc8'])                                                         = <void>
os_free (['HeapStart + 0x25dd8'])                                                         = <void>
os_free (['HeapStart + 0x200b8'])                                                         = <void>
os_free (['HeapStart + 0x24018'])                                                         = <void>
os_free (['HeapStart + 0x25e08'])                                                         = <void>
os_free (['HeapStart + 0x20120'])                                                         = <void>
os_free (['HeapStart + 0x242c0'])                                                         = <void>
os_free (['HeapStart + 0x25fd0'])                                                         = <void>
os_free (['HeapStart + 0x201d8'])                                                         = <void>
os_free (['HeapStart + 0x24490'])                                                         = <void>
os_free (['HeapStart + 0x26320'])                                                         = <void>
os_free (['HeapStart + 0x20350'])                                                         = <void>
os_free (['HeapStart + 0x24600'])                                                         = <void>
os_free (['HeapStart + 0x26348'])                                                         = <void>
os_free (['HeapStart + 0x20510'])                                                         = <void>
os_free (['HeapStart + 0x246b8'])                                                         = <void>
os_free (['HeapStart + 0x26da8'])                                                         = <void>
os_free (['HeapStart + 0x207a8'])                                                         = <void>
os_free (['HeapStart + 0x24728'])                                                         = <void>
os_free (['HeapStart + 0x27100'])                                                         = <void>
os_free (['HeapStart + 0x20ba8'])                                                         = <void>
os_free (['HeapStart + 0x24770'])                                                         = <void>
os_free (['HeapStart + 0x27290'])                                                         = <void>
os_free (['HeapStart + 0x213a8'])                                                         = <void>
os_free (['HeapStart + 0x247a8'])                                                         = <void>
os_free (['HeapStart + 0x272c8'])                                                         = <void>
os_free (['<mapped-addr1> + 0x18'])                                                       = <void>
  munmap (['<mapped-addr1>', '5144'])                                                     = 0
os_free (['<mapped-addr2> + 0x18'])                                                       = <void>
  munmap (['<mapped-addr2>', '47280'])                                                    = 0
os_free (['<mapped-addr3> + 0x18'])                                                       = <void>
  munmap (['<mapped-addr3>', '103160'])                                                   = 0
os_free (['<mapped-addr4> + 0x18'])                                                       = <void>
  munmap (['<mapped-addr4>', '204824'])                                                   = 0
os_free (['<mapped-addr5> + 0x18'])                                                       = <void>
  munmap (['<mapped-addr5>', '541920'])                                                   = 0
os_free (['<mapped-addr6> + 0x18'])                                                       = <void>
  munmap (['<mapped-addr6>', '1027784'])                                                  = 0
os_free (['<mapped-addr7> + 0x18'])                                                       = <void>
  munmap (['<mapped-addr7>', '204824'])                                                   = 0
os_free (['<mapped-addr8> + 0x18'])                                                       = <void>
  munmap (['<mapped-addr8>', '543968'])                                                   = 0
os_free (['<mapped-addr9> + 0x18'])                                                       = <void>
  munmap (['<mapped-addr9>', '1048600'])                                                  = 0
os_free (['<mapped-addr10> + 0x18'])                                                      = <void>
  munmap (['<mapped-addr10>', '5394632'])                                                 = 0
+++ exited (status 0) +++
