os_malloc (['131032'])                                                                    = HeapStart + 0x20
  brk (['0'])                                                                             = HeapStart + 0x0
  brk (['HeapStart + 0x20000'])                                                           = HeapStart + 0x20000
os_free (['HeapStart + 0x20'])                                                            = <void>
os_malloc (['65536'])                                                                     = HeapStart + 0x20
os_malloc (['32768'])                                                                     = HeapStart + 0x10040
os_malloc (['16384'])                                                                     = HeapStart + 0x18060
os_malloc (['8192'])                                                                      = HeapStart + 0x1c080
os_malloc (['4096'])                                                                      = HeapStart + 0x1e0a0
os_malloc (['2048'])                                                                      = HeapStart + 0x1f0c0
os_malloc (['1024'])                                                                      = HeapStart + 0x1f8e0
os_malloc (['512'])                                                                       = HeapStart + 0x1fd00
os_free (['HeapStart + 0x20'])                                                            = <void>
os_free (['HeapStart + 0x10040'])                                                         = <void>
os_free (['HeapStart + 0x18060'])                                                         = <void>
os_free (['HeapStart + 0x1c080'])                                                         = <void>
os_free (['HeapStart + 0x1e0a0'])                                                         = <void>
os_free (['HeapStart + 0x1f0c0'])                                                         = <void>
os_free (['HeapStart + 0x1f8e0'])                                                         = <void>
os_free (['HeapStart + 0x1fd00'])                                                         = <void>
+++ exited (status 0) +++
