os_malloc (['131032'])                                                                    = HeapStart + 0x20
  brk (['0'])                                                                             = HeapStart + 0x0
  brk (['HeapStart + 0x20000'])                                                           = HeapStart + 0x20000
os_realloc (['0', '10'])                                                                  = HeapStart + 0x20020
  brk (['HeapStart + 0x20030'])                                                           = HeapStart + 0x20030
os_realloc (['0', '25'])                                                                  = HeapStart + 0x20050
  brk (['HeapStart + 0x20070'])                                                           = HeapStart + 0x20070
os_realloc (['0', '40'])                                                                  = HeapStart + 0x20090
  brk (['HeapStart + 0x200b8'])                                                           = HeapStart + 0x200b8
os_realloc (['0', '80'])                                                                  = HeapStart + 0x200d8
  brk (['HeapStart + 0x20128'])                                                           = HeapStart + 0x20128
os_realloc (['0', '160'])                                                                 = HeapStart + 0x20148
  brk (['HeapStart + 0x201e8'])                                                           = HeapStart + 0x201e8
os_realloc (['0', '350'])                                                                 = HeapStart + 0x20208
  brk (['HeapStart + 0x20368'])                                                           = HeapStart + 0x20368
os_realloc (['0', '421'])                                                                 = HeapStart + 0x20388
  brk (['HeapStart + 0x20530'])                                                           = HeapStart + 0x20530
os_realloc (['0', '633'])                                                                 = HeapStart + 0x20550
  brk (['HeapStart + 0x207d0'])                                                           = HeapStart + 0x207d0
os_realloc (['0', '1000'])                                                                = HeapStart + 0x207f0
  brk (['HeapStart + 0x20bd8'])                                                           = HeapStart + 0x20bd8
os_realloc (['0', '2024'])                                                                = HeapStart + 0x20bf8
  brk (['HeapStart + 0x213e0'])                                                           = HeapStart + 0x213e0
os_realloc (['0', '4000'])                                                                = HeapStart + 0x21400
  brk (['HeapStart + 0x223a0'])                                                           = HeapStart + 0x223a0
os_free (['HeapStart + 0x20090'])                                                         = <void>
os_free (['HeapStart + 0x200d8'])                                                         = <void>
os_free (['HeapStart + 0x20148'])                                                         = <void>
os_free (['HeapStart + 0x20208'])                                                         = <void>
os_free (['HeapStart + 0x20388'])                                                         = <void>
os_free (['HeapStart + 0x20550'])                                                         = <void>
os_free (['HeapStart + 0x207f0'])                                                         = <void>
os_free (['HeapStart + 0x20bf8'])                                                         = <void>
os_free (['HeapStart + 0x21400'])                                                         = <void>
os_realloc (['HeapStart + 0x20020', '1000'])                                              = HeapStart + 0x20090
os_realloc (['HeapStart + 0x20090', '4000'])                                              = HeapStart + 0x20090
os_realloc (['HeapStart + 0x20090', '8000'])                                              = HeapStart + 0x20090
os_free (['HeapStart + 0x20090'])                                                         = <void>
os_free (['HeapStart + 0x20050'])                                                         = <void>
os_free (['HeapStart + 0x20'])                                                            = <void>
+++ exited (status 0) +++
