os_malloc (['131032'])                                                                    = HeapStart + 0x20
  brk (['0'])                                                                             = HeapStart + 0x0
  brk (['HeapStart + 0x20000'])                                                           = HeapStart + 0x20000
os_free (['HeapStart + 0x20'])                                                            = <void>
os_malloc (['10'])                                                                        = HeapStart + 0x20
os_malloc (['25'])                                                                        = HeapStart + 0x50
os_malloc (['40'])                                                                        = HeapStart + 0x90
os_malloc (['80'])                                                                        = HeapStart + 0xd8
os_malloc (['160'])                                                                       = HeapStart + 0x148
os_malloc (['350'])                                                                       = HeapStart + 0x208
os_malloc (['421'])                                                                       = HeapStart + 0x388
os_malloc (['633'])                                                                       = HeapStart + 0x550
os_malloc (['1000'])                                                                      = HeapStart + 0x7f0
os_malloc (['2024'])                                                                      = HeapStart + 0xbf8
os_malloc (['4000'])                                                                      = HeapStart + 0x1400
os_free (['HeapStart + 0x20'])                                                            = <void>
os_free (['HeapStart + 0x50'])                                                            = <void>
os_malloc (['35'])                                                                        = HeapStart + 0x20
os_free (['HeapStart + 0x148'])                                                           = <void>
os_free (['HeapStart + 0x208'])                                                           = <void>
os_malloc (['510'])                                                                       = HeapStart + 0x148
os_free (['HeapStart + 0x7f0'])                                                           = <void>
os_free (['HeapStart + 0xbf8'])                                                           = <void>
os_malloc (['3024'])                                                                      = HeapStart + 0x7f0
os_malloc (['3000'])                                                                      = HeapStart + 0x23c0
os_free (['HeapStart + 0x23c0'])                                                          = <void>
os_free (['HeapStart + 0x20'])                                                            = <void>
os_free (['HeapStart + 0x90'])                                                            = <void>
os_free (['HeapStart + 0xd8'])                                                            = <void>
os_free (['HeapStart + 0x148'])                                                           = <void>
os_free (['HeapStart + 0x388'])                                                           = <void>
os_free (['HeapStart + 0x550'])                                                           = <void>
os_free (['HeapStart + 0x7f0'])                                                           = <void>
os_free (['HeapStart + 0x1400'])                                                          = <void>
+++ exited (status 0) +++
