os_malloc (['131040'])                                                                    = HeapStart + 0x18
  brk (['0'])                                                                             = HeapStart + 0x0
  brk (['HeapStart + 0x20000'])                                                           = HeapStart + 0x20000
os_realloc (['0', '10'])                                                                  = HeapStart + 0x20018
  brk (['HeapStart + 0x20028'])                                                           = HeapStart + 0x20028
os_realloc (['0', '25'])                                                                  = HeapStart + 0x20040
  brk (['HeapStart + 0x20060'])                                                           = HeapStart + 0x20060
os_realloc (['0', '40'])                                                                  = HeapStart + 0x20078
  brk (['HeapStart + 0x200a0'])                                                           = HeapStart + 0x200a0
os_realloc (['0', '80'])                                                                  = HeapStart + 0x200b8
  brk (['HeapStart + 0x20108'])                                                           = HeapStart + 0x20108
os_realloc (['0', '160'])                                                                 = HeapStart + 0x20120
  brk (['HeapStart + 0x201c0'])                                                           = HeapStart + 0x201c0
os_realloc (['0', '350'])                                                                 = HeapStart + 0x201d8
  brk (['HeapStart + 0x20338'])                                                           = HeapStart + 0x20338
os_realloc (['0', '421'])                                                                 = HeapStart + 0x20350
  brk (['HeapStart + 0x204f8'])                                                           = HeapStart + 0x204f8
os_realloc (['0', '633'])                                                                 = HeapStart + 0x20510
  brk (['HeapStart + 0x20790'])                                                           = HeapStart + 0x20790
os_realloc (['0', '1000'])                                                                = HeapStart + 0x207a8
  brk (['HeapStart + 0x20b90'])                                                           = HeapStart + 0x20b90
os_realloc (['0', '2024'])                                                                = HeapStart + 0x20ba8
  brk (['HeapStart + 0x21390'])                                                           = HeapStart + 0x21390
os_realloc (['0', '4000'])                                                                = HeapStart + 0x213a8
  brk (['HeapStart + 0x22348'])                                                           = HeapStart + 0x22348
os_free (['HeapStart + 0x20120'])                                                         = <void>
os_realloc (['0', '20'])                                                                  = HeapStart + 0x20120
os_realloc (['0', '20'])                                                                  = HeapStart + 0x20150
os_free (['HeapStart + 0x20ba8'])                                                         = <void>
os_realloc (['0', '200'])                                                                 = HeapStart + 0x20ba8
os_realloc (['0', '200'])                                                                 = HeapStart + 0x20c88
os_realloc (['0', '200'])                                                                 = HeapStart + 0x20d68
os_realloc (['0', '200'])                                                                 = HeapStart + 0x20e48
os_realloc (['0', '200'])                                                                 = HeapStart + 0x20f28
os_realloc (['HeapStart + 0x20ba8', '120'])                                               = HeapStart + 0x20ba8
os_realloc (['HeapStart + 0x20c88', '120'])                                               = HeapStart + 0x20c88
os_realloc (['HeapStart + 0x20d68', '120'])                                               = HeapStart + 0x20d68
os_realloc (['HeapStart + 0x20e48', '120'])                                               = HeapStart + 0x20e48
os_realloc (['HeapStart + 0x20f28', '120'])                                               = HeapStart + 0x20f28
os_realloc (['HeapStart + 0x20ba8', '165'])                                               = HeapStart + 0x20ba8
os_realloc (['HeapStart + 0x20c88', '165'])                                               = HeapStart + 0x20c88
os_realloc (['HeapStart + 0x20d68', '165'])                                               = HeapStart + 0x20d68
os_realloc (['HeapStart + 0x20e48', '165'])                                               = HeapStart + 0x20e48
os_realloc (['HeapStart + 0x20f28', '165'])                                               = HeapStart + 0x20f28
os_realloc (['HeapStart + 0x20ba8', '200'])                                               = HeapStart + 0x20ba8
os_realloc (['HeapStart + 0x20c88', '200'])                                               = HeapStart + 0x20c88
os_realloc (['HeapStart + 0x20d68', '200'])                                               = HeapStart + 0x20d68
os_realloc (['HeapStart + 0x20e48', '200'])                                               = HeapStart + 0x20e48
os_realloc (['HeapStart + 0x20f28', '200'])                                               = HeapStart + 0x20f28
os_free (['HeapStart + 0x20120'])                                                         = <void>
os_free (['HeapStart + 0x20150'])                                                         = <void>
os_free (['HeapStart + 0x20ba8'])                                                         = <void>
os_free (['HeapStart + 0x20c88'])                                                         = <void>
os_free (['HeapStart + 0x20d68'])                                                         = <void>
os_free (['HeapStart + 0x20e48'])                                                         = <void>
os_free (['HeapStart + 0x20f28'])                                                         = <void>
os_free (['HeapStart + 0x20018'])                                                         = <void>
os_free (['HeapStart + 0x20040'])                                                         = <void>
os_free (['HeapStart + 0x20078'])                                                         = <void>
os_free (['HeapStart + 0x200b8'])                                                         = <void>
os_free (['HeapStart + 0x201d8'])                                                         = <void>
os_free (['HeapStart + 0x20350'])                                                         = <void>
os_free (['HeapStart + 0x20510'])                                                         = <void>
os_free (['HeapStart + 0x207a8'])                                                         = <void>
os_free (['HeapStart + 0x213a8'])                                                         = <void>
os_free (['HeapStart + 0x18'])                                                            = <void>
+++ exited (status 0) +++
