os_malloc (['131032'])                                                                    = HeapStart + 0x20
  brk (['0'])                                                                             = HeapStart + 0x0
  brk (['HeapStart + 0x20000'])                                                           = HeapStart + 0x20000
os_malloc (['10'])                                                                        = HeapStart + 0x20020
  brk (['HeapStart + 0x20030'])                                                           = HeapStart + 0x20030
os_realloc (['HeapStart + 0x20020', '10'])                                                = HeapStart + 0x20020
os_realloc (['HeapStart + 0x20020', '25'])                                                = HeapStart + 0x20020
  brk (['HeapStart + 0x20040'])                                                           = HeapStart + 0x20040
os_realloc (['HeapStart + 0x20020', '40'])                                                = HeapStart + 0x20020
  brk (['HeapStart + 0x20048'])                                                           = HeapStart + 0x20048
os_realloc (['HeapStart + 0x20020', '80'])                                                = HeapStart + 0x20020
  brk (['HeapStart + 0x20070'])                                                           = HeapStart + 0x20070
os_realloc (['HeapStart + 0x20020', '160'])                                               = HeapStart + 0x20020
  brk (['HeapStart + 0x200c0'])                                                           = HeapStart + 0x200c0
os_realloc (['HeapStart + 0x20020', '350'])                                               = HeapStart + 0x20020
  brk (['HeapStart + 0x20180'])                                                           = HeapStart + 0x20180
os_realloc (['HeapStart + 0x20020', '421'])                                               = HeapStart + 0x20020
  brk (['HeapStart + 0x201c8'])                                                           = HeapStart + 0x201c8
os_realloc (['HeapStart + 0x20020', '633'])                                               = HeapStart + 0x20020
  brk (['HeapStart + 0x202a0'])                                                           = HeapStart + 0x202a0
os_realloc (['HeapStart + 0x20020', '1000'])                                              = HeapStart + 0x20020
  brk (['HeapStart + 0x20408'])                                                           = HeapStart + 0x20408
os_realloc (['HeapStart + 0x20020', '2024'])                                              = HeapStart + 0x20020
  brk (['HeapStart + 0x20808'])                                                           = HeapStart + 0x20808
os_realloc (['HeapStart + 0x20020', '4000'])                                              = HeapStart + 0x20020
  brk (['HeapStart + 0x20fc0'])                                                           = HeapStart + 0x20fc0
os_realloc (['HeapStart + 0x20020', '0'])                                                 = 0
os_realloc (['HeapStart + 0x20', '0'])                                                    = 0
+++ exited (status 0) +++
