os_malloc (['0'])                                                                         = 0
os_free (['0'])                                                                           = <void>
os_malloc (['1000'])                                                                      = HeapStart + 0x18
  brk (['0'])                                                                             = HeapStart + 0x0
  brk (['HeapStart + 0x20000'])                                                           = HeapStart + 0x20000
os_realloc (['HeapStart + 0x18', '2000'])                                                 = HeapStart + 0x18
os_free (['HeapStart + 0x18'])                                                            = <void>
os_calloc (['0', '100'])                                                                  = 0
os_free (['0'])                                                                           = <void>
os_calloc (['10', '100'])                                                                 = HeapStart + 0x18
os_free (['HeapStart + 0x18'])                                                            = <void>
os_calloc (['10', '100'])                                                                 = HeapStart + 0x18
os_realloc (['HeapStart + 0x18', '132072'])                                               = <mapped-addr1> + 0x18
  mmap (['0', '132096', 'PROT_READ | PROT_WRITE', 'MAP_PRIVATE | MAP_ANON', '-1', '0'])   = <mapped-addr1>
os_free (['<mapped-addr1> + 0x18'])                                                       = <void>
  munmap (['<mapped-addr1>', '132096'])                                                   = 0
os_calloc (['1', '5000'])                                                                 = <mapped-addr2> + 0x18
  mmap (['0', '5024', 'PROT_READ | PROT_WRITE', 'MAP_PRIVATE | MAP_ANON', '-1', '0'])     = <mapped-addr2>
os_realloc (['<mapped-addr2> + 0x18', '2000'])                                            = HeapStart + 0x18
  munmap (['<mapped-addr2>', '5024'])                                                     = 0
os_realloc (['HeapStart + 0x18', '5000'])                                                 = HeapStart + 0x18
os_free (['HeapStart + 0x18'])                                                            = <void>
os_calloc (['1', '10'])                                                                   = HeapStart + 0x18
os_malloc (['4023'])                                                                      = HeapStart + 0x40
os_calloc (['1934', '1'])                                                                 = HeapStart + 0x1010
os_calloc (['1', '25'])                                                                   = HeapStart + 0x17b8
os_malloc (['2173'])                                                                      = HeapStart + 0x17f0
os_calloc (['3654', '1'])                                                                 = HeapStart + 0x2088
os_calloc (['1', '40'])                                                                   = HeapStart + 0x2ee8
os_malloc (['1077'])                                                                      = HeapStart + 0x2f28
os_calloc (['23', '1'])                                                                   = HeapStart + 0x3378
os_calloc (['1', '80'])                                                                   = HeapStart + 0x33a8
os_malloc (['653'])                                                                       = HeapStart + 0x3410
os_calloc (['432', '1'])                                                                  = HeapStart + 0x36b8
os_calloc (['1', '160'])                                                                  = HeapStart + 0x3880
os_malloc (['438'])                                                                       = HeapStart + 0x3938
os_calloc (['824', '1'])                                                                  = HeapStart + 0x3b08
os_calloc (['1', '350'])                                                                  = HeapStart + 0x3e58
os_malloc (['342'])                                                                       = HeapStart + 0x3fd0
os_calloc (['12', '1'])                                                                   = HeapStart + 0x4140
os_calloc (['1', '421'])                                                                  = HeapStart + 0x4168
os_malloc (['160'])                                                                       = HeapStart + 0x4328
os_calloc (['2631', '1'])                                                                 = HeapStart + 0x43e0
os_calloc (['1', '633'])                                                                  = HeapStart + 0x4e40
os_malloc (['82'])                                                                        = HeapStart + 0x50d8
os_calloc (['827', '1'])                                                                  = HeapStart + 0x5148
os_calloc (['1', '1000'])                                                                 = HeapStart + 0x54a0
os_malloc (['44'])                                                                        = HeapStart + 0x58a0
os_calloc (['375', '1'])                                                                  = HeapStart + 0x58e8
os_calloc (['1', '2024'])                                                                 = HeapStart + 0x5a78
os_malloc (['25'])                                                                        = HeapStart + 0x6278
os_calloc (['30', '1'])                                                                   = HeapStart + 0x62b0
os_calloc (['1', '4000'])                                                                 = HeapStart + 0x62e8
os_malloc (['10'])                                                                        = HeapStart + 0x72a0
os_calloc (['26', '1'])                                                                   = HeapStart + 0x72c8
os_free (['HeapStart + 0x18'])                                                            = <void>
os_free (['HeapStart + 0x1010'])                                                          = <void>
os_free (['HeapStart + 0x17b8'])                                                          = <void>
os_free (['HeapStart + 0x17f0'])                                                          = <void>
os_free (['HeapStart + 0x2f28'])                                                          = <void>
os_free (['HeapStart + 0x36b8'])                                                          = <void>
os_free (['HeapStart + 0x3880'])                                                          = <void>
os_free (['HeapStart + 0x3938'])                                                          = <void>
os_free (['HeapStart + 0x3b08'])                                                          = <void>
os_free (['HeapStart + 0x4140'])                                                          = <void>
os_free (['HeapStart + 0x4168'])                                                          = <void>
os_free (['HeapStart + 0x43e0'])                                                          = <void>
os_free (['HeapStart + 0x4e40'])                                                          = <void>
os_free (['HeapStart + 0x58a0'])                                                          = <void>
os_free (['HeapStart + 0x5a78'])                                                          = <void>
os_free (['HeapStart + 0x6278'])                                                          = <void>
os_free (['HeapStart + 0x62b0'])                                                          = <void>
os_free (['HeapStart + 0x62e8'])                                                          = <void>
os_free (['HeapStart + 0x72c8'])                                                          = <void>
os_malloc (['1934'])                                                                      = HeapStart + 0x43e0
os_malloc (['10'])                                                                        = HeapStart + 0x18
os_calloc (['1', '4023'])                                                                 = HeapStart + 0x1010
os_malloc (['3654'])                                                                      = HeapStart + 0x5a78
os_malloc (['25'])                                                                        = HeapStart + 0x58a0
os_calloc (['1', '2173'])                                                                 = HeapStart + 0x68d8
os_malloc (['23'])                                                                        = HeapStart + 0x1fe0
os_malloc (['40'])                                                                        = HeapStart + 0x2010
os_calloc (['1', '1077'])                                                                 = HeapStart + 0x2f28
os_malloc (['432'])                                                                       = HeapStart + 0x4140
os_malloc (['80'])                                                                        = HeapStart + 0x7170
os_calloc (['1', '653'])                                                                  = HeapStart + 0x4b88
os_malloc (['824'])                                                                       = HeapStart + 0x36b8
os_malloc (['160'])                                                                       = HeapStart + 0x71d8
os_calloc (['1', '438'])                                                                  = HeapStart + 0x4e30
os_malloc (['12'])                                                                        = HeapStart + 0x2050
os_malloc (['350'])                                                                       = HeapStart + 0x3a08
os_calloc (['1', '342'])                                                                  = HeapStart + 0x3b80
os_malloc (['2631'])                                                                      = HeapStart + 0x72c8
os_malloc (['421'])                                                                       = HeapStart + 0x7d28
os_calloc (['1', '160'])                                                                  = HeapStart + 0x5000
os_malloc (['827'])                                                                       = HeapStart + 0x7ee8
os_malloc (['633'])                                                                       = HeapStart + 0x8240
os_calloc (['1', '82'])                                                                   = HeapStart + 0x3cf0
os_malloc (['375'])                                                                       = HeapStart + 0x84d8
os_malloc (['1000'])                                                                      = HeapStart + 0x8668
os_calloc (['1', '44'])                                                                   = HeapStart + 0x3d60
os_malloc (['30'])                                                                        = HeapStart + 0x3da8
os_malloc (['2024'])                                                                      = HeapStart + 0x8a68
os_calloc (['1', '25'])                                                                   = HeapStart + 0x3de0
os_malloc (['26'])                                                                        = HeapStart + 0x3e18
os_malloc (['4000'])                                                                      = HeapStart + 0x9268
os_calloc (['1', '10'])                                                                   = HeapStart + 0xa220
os_realloc (['HeapStart + 0x43e0', '32'])                                                 = HeapStart + 0x43e0
os_realloc (['HeapStart + 0x3a08', '32'])                                                 = HeapStart + 0x3a08
os_realloc (['HeapStart + 0x18', '24'])                                                   = HeapStart + 0x3a40
os_realloc (['HeapStart + 0x3b80', '24'])                                                 = HeapStart + 0x3b80
os_realloc (['HeapStart + 0x1010', '75'])                                                 = HeapStart + 0x1010
os_realloc (['HeapStart + 0x72c8', '75'])                                                 = HeapStart + 0x72c8
os_realloc (['HeapStart + 0x5a78', '1034'])                                               = HeapStart + 0x5a78
os_realloc (['HeapStart + 0x7d28', '1034'])                                               = HeapStart + 0x4418
os_realloc (['HeapStart + 0x58a0', '284352'])                                             = <mapped-addr3> + 0x18
  mmap (['0', '284376', 'PROT_READ | PROT_WRITE', 'MAP_PRIVATE | MAP_ANON', '-1', '0'])   = <mapped-addr3>
os_realloc (['HeapStart + 0x5000', '284352'])                                             = <mapped-addr4> + 0x18
  mmap (['0', '284376', 'PROT_READ | PROT_WRITE', 'MAP_PRIVATE | MAP_ANON', '-1', '0'])   = <mapped-addr4>
os_realloc (['HeapStart + 0x68d8', '277'])                                                = HeapStart + 0x68d8
os_realloc (['HeapStart + 0x7ee8', '277'])                                                = HeapStart + 0x7ee8
os_realloc (['HeapStart + 0x1fe0', '31'])                                                 = HeapStart + 0x58a0
os_realloc (['HeapStart + 0x8240', '31'])                                                 = HeapStart + 0x8240
os_realloc (['HeapStart + 0x2010', '876'])                                                = HeapStart + 0x6a08
os_realloc (['HeapStart + 0x3cf0', '876'])                                                = HeapStart + 0x6d90
os_realloc (['HeapStart + 0x2f28', '223455'])                                             = <mapped-addr5> + 0x18
  mmap (['0', '223480', 'PROT_READ | PROT_WRITE', 'MAP_PRIVATE | MAP_ANON', '-1', '0'])   = <mapped-addr5>
os_realloc (['HeapStart + 0x84d8', '223455'])                                             = <mapped-addr6> + 0x18
  mmap (['0', '223480', 'PROT_READ | PROT_WRITE', 'MAP_PRIVATE | MAP_ANON', '-1', '0'])   = <mapped-addr6>
os_realloc (['HeapStart + 0x4140', '12'])                                                 = HeapStart + 0x4140
os_realloc (['HeapStart + 0x8668', '12'])                                                 = HeapStart + 0x8668
os_realloc (['HeapStart + 0x7170', '745'])                                                = HeapStart + 0x4840
os_realloc (['HeapStart + 0x3d60', '745'])                                                = HeapStart + 0x8690
os_realloc (['HeapStart + 0x4b88', '248'])                                                = HeapStart + 0x4b88
os_realloc (['HeapStart + 0x3da8', '248'])                                                = HeapStart + 0x3a70
os_realloc (['HeapStart + 0x36b8', '1367'])                                               = HeapStart + 0x5ea0
os_realloc (['HeapStart + 0x8a68', '1367'])                                               = HeapStart + 0x8a68
os_realloc (['HeapStart + 0x71d8', '3929995'])                                            = <mapped-addr7> + 0x18
  mmap (['0', '3930024', 'PROT_READ | PROT_WRITE', 'MAP_PRIVATE | MAP_ANON', '-1', '0'])  = <mapped-addr7>
os_realloc (['HeapStart + 0x3de0', '3929995'])                                            = <mapped-addr8> + 0x18
  mmap (['0', '3930024', 'PROT_READ | PROT_WRITE', 'MAP_PRIVATE | MAP_ANON', '-1', '0'])  = <mapped-addr8>
os_realloc (['HeapStart + 0x4e30', '27322'])                                              = HeapStart + 0xa248
os_realloc (['HeapStart + 0x3e18', '27322'])                                              = HeapStart + 0x10d20
os_realloc (['HeapStart + 0x2050', '82'])                                                 = HeapStart + 0x8998
os_realloc (['HeapStart + 0x9268', '82'])                                                 = HeapStart + 0x9268
os_realloc (['HeapStart + 0x43e0', '5120'])                                               = HeapStart + 0x177f8
os_realloc (['<mapped-addr5> + 0x18', '5120'])                                            = HeapStart + 0x18c10
  munmap (['<mapped-addr5>', '223480'])                                                   = 0
os_realloc (['HeapStart + 0x7ee8', '5120'])                                               = HeapStart + 0x1a028
os_realloc (['HeapStart + 0x3a40', '47249'])                                              = HeapStart + 0x1b440
  brk (['HeapStart + 0x26cd8'])                                                           = HeapStart + 0x26cd8
os_realloc (['HeapStart + 0x4140', '47249'])                                              = HeapStart + 0x26cf0
  brk (['HeapStart + 0x32588'])                                                           = HeapStart + 0x32588
os_realloc (['HeapStart + 0x8240', '47249'])                                              = HeapStart + 0x325a0
  brk (['HeapStart + 0x3de38'])                                                           = HeapStart + 0x3de38
os_realloc (['HeapStart + 0x1010', '103132'])                                             = HeapStart + 0x3de50
  brk (['HeapStart + 0x57130'])                                                           = HeapStart + 0x57130
os_realloc (['HeapStart + 0x4840', '103132'])                                             = HeapStart + 0x57148
  brk (['HeapStart + 0x70428'])                                                           = HeapStart + 0x70428
os_realloc (['HeapStart + 0x6d90', '103132'])                                             = HeapStart + 0x70440
  brk (['HeapStart + 0x89720'])                                                           = HeapStart + 0x89720
os_realloc (['HeapStart + 0x5a78', '204800'])                                             = <mapped-addr9> + 0x18
  mmap (['0', '204824', 'PROT_READ | PROT_WRITE', 'MAP_PRIVATE | MAP_ANON', '-1', '0'])   = <mapped-addr9>
os_realloc (['HeapStart + 0x4b88', '204800'])                                             = <mapped-addr10> + 0x18
  mmap (['0', '204824', 'PROT_READ | PROT_WRITE', 'MAP_PRIVATE | MAP_ANON', '-1', '0'])   = <mapped-addr10>
os_realloc (['<mapped-addr6> + 0x18', '204800'])                                          = <mapped-addr11> + 0x18
  mmap (['0', '204824', 'PROT_READ | PROT_WRITE', 'MAP_PRIVATE | MAP_ANON', '-1', '0'])   = <mapped-addr11>
  munmap (['<mapped-addr6>', '223480'])                                                   = 0
os_realloc (['<mapped-addr3> + 0x18', '541894'])                                          = <mapped-addr12> + 0x18
  mmap (['0', '541920', 'PROT_READ | PROT_WRITE', 'MAP_PRIVATE | MAP_ANON', '-1', '0'])   = <mapped-addr12>
  munmap (['<mapped-addr3>', '284376'])                                                   = 0
os_realloc (['HeapStart + 0x5ea0', '541894'])                                             = <mapped-addr13> + 0x18
  mmap (['0', '541920', 'PROT_READ | PROT_WRITE', 'MAP_PRIVATE | MAP_ANON', '-1', '0'])   = <mapped-addr13>
os_realloc (['HeapStart + 0x8668', '541894'])                                             = <mapped-addr14> + 0x18
  mmap (['0', '541920', 'PROT_READ | PROT_WRITE', 'MAP_PRIVATE | MAP_ANON', '-1', '0'])   = <mapped-addr14>
os_realloc (['HeapStart + 0x68d8', '1027754'])                                            = <mapped-addr15> + 0x18
  mmap (['0', '1027784', 'PROT_READ | PROT_WRITE', 'MAP_PRIVATE | MAP_ANON', '-1', '0'])  = <mapped-addr15>
os_realloc (['<mapped-addr7> + 0x18', '1027754'])                                         = <mapped-addr16> + 0x18
  mmap (['0', '1027784', 'PROT_READ | PROT_WRITE', 'MAP_PRIVATE | MAP_ANON', '-1', '0'])  = <mapped-addr16>
  munmap (['<mapped-addr7>', '3930024'])                                                  = 0
os_realloc (['HeapStart + 0x8690', '1027754'])                                            = <mapped-addr17> + 0x18
  mmap (['0', '1027784', 'PROT_READ | PROT_WRITE', 'MAP_PRIVATE | MAP_ANON', '-1', '0'])  = <mapped-addr17>
os_malloc (['100'])                                                                       = HeapStart + 0x4140
os_malloc (['100'])                                                                       = HeapStart + 0x41c0
os_malloc (['100'])                                                                       = HeapStart + 0x4240
os_malloc (['100'])                                                                       = HeapStart + 0x8fd8
os_malloc (['100'])                                                                       = HeapStart + 0x9058
os_malloc (['100'])                                                                       = HeapStart + 0x90d8
os_malloc (['100'])                                                                       = HeapStart + 0x9158
os_malloc (['100'])                                                                       = HeapStart + 0x91d8
os_malloc (['100'])                                                                       = HeapStart + 0x3bb0
os_malloc (['100'])                                                                       = HeapStart + 0x3c30
os_malloc (['100'])                                                                       = HeapStart + 0x3cb0
os_malloc (['100'])                                                                       = HeapStart + 0x3d30
os_malloc (['100'])                                                                       = HeapStart + 0x3db0
os_malloc (['100'])                                                                       = HeapStart + 0x36b8
os_malloc (['100'])                                                                       = HeapStart + 0x3738
os_malloc (['100'])                                                                       = HeapStart + 0x37b8
os_malloc (['100'])                                                                       = HeapStart + 0x3838
os_malloc (['100'])                                                                       = HeapStart + 0x38b8
os_malloc (['100'])                                                                       = HeapStart + 0x3938
os_free (['HeapStart + 0x4140'])                                                          = <void>
os_free (['HeapStart + 0x177f8'])                                                         = <void>
os_free (['HeapStart + 0x40'])                                                            = <void>
os_free (['HeapStart + 0x1b440'])                                                         = <void>
os_free (['HeapStart + 0x41c0'])                                                          = <void>
os_free (['HeapStart + 0x3de50'])                                                         = <void>
os_free (['HeapStart + 0x4240'])                                                          = <void>
os_free (['<mapped-addr9> + 0x18'])                                                       = <void>
  munmap (['<mapped-addr9>', '204824'])                                                   = 0
os_free (['HeapStart + 0x8fd8'])                                                          = <void>
os_free (['<mapped-addr12> + 0x18'])                                                      = <void>
  munmap (['<mapped-addr12>', '541920'])                                                  = 0
os_free (['HeapStart + 0x2088'])                                                          = <void>
os_free (['<mapped-addr15> + 0x18'])                                                      = <void>
  munmap (['<mapped-addr15>', '1027784'])                                                 = 0
os_free (['HeapStart + 0x2ee8'])                                                          = <void>
os_free (['HeapStart + 0x58a0'])                                                          = <void>
os_free (['HeapStart + 0x9058'])                                                          = <void>
os_free (['HeapStart + 0x6a08'])                                                          = <void>
os_free (['HeapStart + 0x3378'])                                                          = <void>
os_free (['HeapStart + 0x18c10'])                                                         = <void>
os_free (['HeapStart + 0x33a8'])                                                          = <void>
os_free (['HeapStart + 0x26cf0'])                                                         = <void>
os_free (['HeapStart + 0x3410'])                                                          = <void>
os_free (['HeapStart + 0x57148'])                                                         = <void>
os_free (['HeapStart + 0x90d8'])                                                          = <void>
os_free (['<mapped-addr10> + 0x18'])                                                      = <void>
  munmap (['<mapped-addr10>', '204824'])                                                  = 0
os_free (['HeapStart + 0x9158'])                                                          = <void>
os_free (['<mapped-addr13> + 0x18'])                                                      = <void>
  munmap (['<mapped-addr13>', '541920'])                                                  = 0
os_free (['HeapStart + 0x91d8'])                                                          = <void>
os_free (['<mapped-addr16> + 0x18'])                                                      = <void>
  munmap (['<mapped-addr16>', '1027784'])                                                 = 0
os_free (['HeapStart + 0x3bb0'])                                                          = <void>
os_free (['HeapStart + 0xa248'])                                                          = <void>
os_free (['HeapStart + 0x3e58'])                                                          = <void>
os_free (['HeapStart + 0x8998'])                                                          = <void>
os_free (['HeapStart + 0x3fd0'])                                                          = <void>
os_free (['HeapStart + 0x3a08'])                                                          = <void>
os_free (['HeapStart + 0x3c30'])                                                          = <void>
os_free (['HeapStart + 0x3b80'])                                                          = <void>
os_free (['HeapStart + 0x3cb0'])                                                          = <void>
os_free (['HeapStart + 0x72c8'])                                                          = <void>
os_free (['HeapStart + 0x4328'])                                                          = <void>
os_free (['HeapStart + 0x4418'])                                                          = <void>
os_free (['HeapStart + 0x3d30'])                                                          = <void>
os_free (['<mapped-addr4> + 0x18'])                                                       = <void>
  munmap (['<mapped-addr4>', '284376'])                                                   = 0
os_free (['HeapStart + 0x3db0'])                                                          = <void>
os_free (['HeapStart + 0x1a028'])                                                         = <void>
os_free (['HeapStart + 0x50d8'])                                                          = <void>
os_free (['HeapStart + 0x325a0'])                                                         = <void>
os_free (['HeapStart + 0x5148'])                                                          = <void>
os_free (['HeapStart + 0x70440'])                                                         = <void>
os_free (['HeapStart + 0x54a0'])                                                          = <void>
os_free (['<mapped-addr11> + 0x18'])                                                      = <void>
  munmap (['<mapped-addr11>', '204824'])                                                  = 0
os_free (['HeapStart + 0x36b8'])                                                          = <void>
os_free (['<mapped-addr14> + 0x18'])                                                      = <void>
  munmap (['<mapped-addr14>', '541920'])                                                  = 0
os_free (['HeapStart + 0x58e8'])                                                          = <void>
os_free (['<mapped-addr17> + 0x18'])                                                      = <void>
  munmap (['<mapped-addr17>', '1027784'])                                                 = 0
os_free (['HeapStart + 0x3738'])                                                          = <void>
os_free (['HeapStart + 0x3a70'])                                                          = <void>
os_free (['HeapStart + 0x37b8'])                                                          = <void>
os_free (['HeapStart + 0x8a68'])                                                          = <void>
os_free (['HeapStart + 0x3838'])                                                          = <void>
os_free (['<mapped-addr8> + 0x18'])                                                       = <void>
  munmap (['<mapped-addr8>', '3930024'])                                                  = 0
os_free (['HeapStart + 0x38b8'])                                                          = <void>
os_free (['HeapStart + 0x10d20'])                                                         = <void>
os_free (['HeapStart + 0x72a0'])                                                          = <void>
os_free (['HeapStart + 0x9268'])                                                          = <void>
os_free (['HeapStart + 0x3938'])                                                          = <void>
os_free (['HeapStart + 0xa220'])                                                          = <void>
+++ exited (status 0) +++
