os_malloc (['131032'])                                                                    = HeapStart + 0x20
  brk (['0'])                                                                             = HeapStart + 0x0
  brk (['HeapStart + 0x20000'])                                                           = HeapStart + 0x20000
os_realloc (['0', '1000'])                                                                = HeapStart + 0x20020
  brk (['HeapStart + 0x20408'])                                                           = HeapStart + 0x20408
os_realloc (['0', '2000'])                                                                = HeapStart + 0x20428
  brk (['HeapStart + 0x20bf8'])                                                           = HeapStart + 0x20bf8
os_realloc (['0', '60000'])                                                               = HeapStart + 0x20c18
  brk (['HeapStart + 0x2f678'])                                                           = HeapStart + 0x2f678
os_free (['HeapStart + 0x20c18'])                                                         = <void>
os_realloc (['0', '30000'])                                                               = HeapStart + 0x20c18
os_realloc (['0', '15000'])                                                               = HeapStart + 0x28168
os_realloc (['0', '7500'])                                                                = HeapStart + 0x2bc20
os_realloc (['0', '3750'])                                                                = HeapStart + 0x2d990
os_realloc (['0', '1875'])                                                                = HeapStart + 0x2e858
os_realloc (['0', '937'])                                                                 = HeapStart + 0x2efd0
os_realloc (['0', '468'])                                                                 = HeapStart + 0x2f3a0
os_realloc (['0', '234'])                                                                 = HeapStart + 0x2f598
  brk (['HeapStart + 0x2f688'])                                                           = HeapStart + 0x2f688
os_realloc (['HeapStart + 0x20c18', '0'])                                                 = 0
os_realloc (['HeapStart + 0x28168', '15030'])                                             = HeapStart + 0x20c18
os_realloc (['HeapStart + 0x2bc20', '7530'])                                              = HeapStart + 0x246f0
os_realloc (['HeapStart + 0x2d990', '3780'])                                              = HeapStart + 0x26480
os_realloc (['HeapStart + 0x2e858', '1905'])                                              = HeapStart + 0x27368
os_realloc (['HeapStart + 0x2efd0', '967'])                                               = HeapStart + 0x27b00
os_realloc (['HeapStart + 0x2f3a0', '498'])                                               = HeapStart + 0x27ee8
os_realloc (['HeapStart + 0x2f598', '264'])                                               = HeapStart + 0x2f598
  brk (['HeapStart + 0x2f6a0'])                                                           = HeapStart + 0x2f6a0
os_realloc (['0', '0'])                                                                   = 0
os_realloc (['HeapStart + 0x246f0', '15030'])                                             = HeapStart + 0x28100
os_realloc (['HeapStart + 0x26480', '7530'])                                              = HeapStart + 0x246f0
os_realloc (['HeapStart + 0x27368', '3780'])                                              = HeapStart + 0x26480
os_realloc (['HeapStart + 0x27b00', '1905'])                                              = HeapStart + 0x27368
os_realloc (['HeapStart + 0x27ee8', '967'])                                               = HeapStart + 0x27b00
os_free (['HeapStart + 0x20'])                                                            = <void>
os_free (['HeapStart + 0x20020'])                                                         = <void>
os_free (['HeapStart + 0x20428'])                                                         = <void>
os_free (['0'])                                                                           = <void>
os_free (['HeapStart + 0x20c18'])                                                         = <void>
os_free (['HeapStart + 0x28100'])                                                         = <void>
os_free (['HeapStart + 0x246f0'])                                                         = <void>
os_free (['HeapStart + 0x26480'])                                                         = <void>
os_free (['HeapStart + 0x27368'])                                                         = <void>
os_free (['HeapStart + 0x27b00'])                                                         = <void>
os_free (['HeapStart + 0x2f598'])                                                         = <void>
+++ exited (status 0) +++
