os_realloc (['0', '0'])                                                                   = 0
os_realloc (['0', '131072'])                                                              = <mapped-addr1> + 0x20
  mmap (['0', '131104', 'PROT_READ | PROT_WRITE', 'MAP_PRIVATE | MAP_ANON', '-1', '0'])   = <mapped-addr1>
os_free (['<mapped-addr1> + 0x20'])                                                       = <void>
  munmap (['<mapped-addr1>', '131104'])                                                   = 0
+++ exited (status 0) +++
