os_malloc (['131032'])                                                                    = HeapStart + 0x20
  brk (['0'])                                                                             = HeapStart + 0x0
  brk (['HeapStart + 0x20000'])                                                           = HeapStart + 0x20000
os_calloc (['20', '50'])                                                                  = HeapStart + 0x20020
  brk (['HeapStart + 0x20408'])                                                           = HeapStart + 0x20408
os_calloc (['20', '50'])                                                                  = HeapStart + 0x20428
  brk (['HeapStart + 0x20810'])                                                           = HeapStart + 0x20810
os_calloc (['20', '50'])                                                                  = HeapStart + 0x20830
  brk (['HeapStart + 0x20c18'])                                                           = HeapStart + 0x20c18
os_free (['HeapStart + 0x20428'])                                                         = <void>
os_calloc (['30', '10'])                                                                  = HeapStart + 0x20428
os_calloc (['30', '10'])                                                                  = HeapStart + 0x20578
os_calloc (['30', '10'])                                                                  = HeapStart + 0x206c8
os_free (['HeapStart + 0x20578'])                                                         = <void>
os_calloc (['14', '5'])                                                                   = HeapStart + 0x20578
os_calloc (['14', '5'])                                                                   = HeapStart + 0x205e0
os_calloc (['14', '5'])                                                                   = HeapStart + 0x20648
os_calloc (['1', '2000'])                                                                 = HeapStart + 0x20c38
  brk (['HeapStart + 0x21408'])                                                           = HeapStart + 0x21408
os_free (['HeapStart + 0x20c38'])                                                         = <void>
os_free (['HeapStart + 0x20'])                                                            = <void>
os_free (['HeapStart + 0x20020'])                                                         = <void>
os_free (['HeapStart + 0x20830'])                                                         = <void>
os_free (['HeapStart + 0x20428'])                                                         = <void>
os_free (['HeapStart + 0x206c8'])                                                         = <void>
os_free (['HeapStart + 0x20578'])                                                         = <void>
os_free (['HeapStart + 0x205e0'])                                                         = <void>
os_free (['HeapStart + 0x20648'])                                                         = <void>
+++ exited (status 0) +++
