os_realloc (['0', '262144'])                                                              = <mapped-addr1> + 0x20
  mmap (['0', '262176', 'PROT_READ | PROT_WRITE', 'MAP_PRIVATE | MAP_ANON', '-1', '0'])   = <mapped-addr1>
os_realloc (['<mapped-addr1> + 0x20', '1986'])                                            = HeapStart + 0x20
  brk (['0'])                                                                             = HeapStart + 0x0
  brk (['HeapStart + 0x20000'])                                                           = HeapStart + 0x20000
  munmap (['<mapped-addr1>', '262176'])                                                   = 0
os_free (['HeapStart + 0x20'])                                                            = <void>
+++ exited (status 0) +++
